Archive member included because of file (symbol)

c:/program files (x86)/atmel/atmel toolchain/avr32 gcc/native/3.4.2.1002/avr32-gnu-toolchain/bin/../lib/gcc/avr32/4.4.7/ucr3fp\libgcc.a(_avr32_f64_mul.o)
                              src/statemachine/fsm_ecu_functions.o (__avr32_f64_mul)
c:/program files (x86)/atmel/atmel toolchain/avr32 gcc/native/3.4.2.1002/avr32-gnu-toolchain/bin/../lib/gcc/avr32/4.4.7/ucr3fp\libgcc.a(_avr32_f64_addsub.o)
                              src/statemachine/fsm_control.o (__avr32_f64_add)
c:/program files (x86)/atmel/atmel toolchain/avr32 gcc/native/3.4.2.1002/avr32-gnu-toolchain/bin/../lib/gcc/avr32/4.4.7/ucr3fp\libgcc.a(_avr32_s32_to_f64.o)
                              src/statemachine/fsm_ecu_functions.o (__avr32_u32_to_f64)
c:/program files (x86)/atmel/atmel toolchain/avr32 gcc/native/3.4.2.1002/avr32-gnu-toolchain/bin/../lib/gcc/avr32/4.4.7/ucr3fp\libgcc.a(_avr32_f64_div.o)
                              src/statemachine/fsm_ecu_functions.o (__avr32_f64_div)
c:/program files (x86)/atmel/atmel toolchain/avr32 gcc/native/3.4.2.1002/avr32-gnu-toolchain/bin/../lib/gcc/avr32/4.4.7/ucr3fp\libgcc.a(_avr32_f32_div.o)
                              src/statemachine/fsm_ecu_functions.o (__avr32_f32_div)
c:/program files (x86)/atmel/atmel toolchain/avr32 gcc/native/3.4.2.1002/avr32-gnu-toolchain/bin/../lib/gcc/avr32/4.4.7/ucr3fp\libgcc.a(_avr32_f32_to_f64.o)
                              src/statemachine/fsm_ecu_functions.o (__avr32_f32_to_f64)
c:/program files (x86)/atmel/atmel toolchain/avr32 gcc/native/3.4.2.1002/avr32-gnu-toolchain/bin/../lib/gcc/avr32/4.4.7/ucr3fp\libgcc.a(_avr32_f64_to_f32.o)
                              src/statemachine/fsm_ecu_functions.o (__avr32_f64_to_f32)
c:/program files (x86)/atmel/atmel toolchain/avr32 gcc/native/3.4.2.1002/avr32-gnu-toolchain/bin/../lib/gcc/avr32/4.4.7/ucr3fp\libgcc.a(_udivdi3.o)
                              src/ASF/avr32/drivers/wdt/wdt4.o (__avr32_udiv64)
c:/program files (x86)/atmel/atmel toolchain/avr32 gcc/native/3.4.2.1002/avr32-gnu-toolchain/bin/../lib/gcc/avr32/4.4.7/../../../../avr32/lib/ucr3fp\libc.a(lib_a-memcpy.o)
                              src/freertos/queue.o (memcpy)
c:/program files (x86)/atmel/atmel toolchain/avr32 gcc/native/3.4.2.1002/avr32-gnu-toolchain/bin/../lib/gcc/avr32/4.4.7/../../../../avr32/lib/ucr3fp\libc.a(lib_a-memset.o)
                              src/ASF/avr32/drivers/wdt/wdt4.o (memset)
c:/program files (x86)/atmel/atmel toolchain/avr32 gcc/native/3.4.2.1002/avr32-gnu-toolchain/bin/../lib/gcc/avr32/4.4.7/../../../../avr32/lib/ucr3fp\libc.a(lib_a-realloc.o)
                              src/freertos/portable/port.o (realloc)
c:/program files (x86)/atmel/atmel toolchain/avr32 gcc/native/3.4.2.1002/avr32-gnu-toolchain/bin/../lib/gcc/avr32/4.4.7/../../../../avr32/lib/ucr3fp\libc.a(lib_a-reallocr.o)
                              c:/program files (x86)/atmel/atmel toolchain/avr32 gcc/native/3.4.2.1002/avr32-gnu-toolchain/bin/../lib/gcc/avr32/4.4.7/../../../../avr32/lib/ucr3fp\libc.a(lib_a-realloc.o) (_realloc_r)
c:/program files (x86)/atmel/atmel toolchain/avr32 gcc/native/3.4.2.1002/avr32-gnu-toolchain/bin/../lib/gcc/avr32/4.4.7/../../../../avr32/lib/ucr3fp\libc.a(lib_a-strncpy.o)
                              src/freertos/tasks.o (strncpy)
c:/program files (x86)/atmel/atmel toolchain/avr32 gcc/native/3.4.2.1002/avr32-gnu-toolchain/bin/../lib/gcc/avr32/4.4.7/../../../../avr32/lib/ucr3fp\libc.a(lib_a-freer.o)
                              c:/program files (x86)/atmel/atmel toolchain/avr32 gcc/native/3.4.2.1002/avr32-gnu-toolchain/bin/../lib/gcc/avr32/4.4.7/../../../../avr32/lib/ucr3fp\libc.a(lib_a-reallocr.o) (_free_r)
c:/program files (x86)/atmel/atmel toolchain/avr32 gcc/native/3.4.2.1002/avr32-gnu-toolchain/bin/../lib/gcc/avr32/4.4.7/../../../../avr32/lib/ucr3fp\libc.a(lib_a-impure.o)
                              c:/program files (x86)/atmel/atmel toolchain/avr32 gcc/native/3.4.2.1002/avr32-gnu-toolchain/bin/../lib/gcc/avr32/4.4.7/../../../../avr32/lib/ucr3fp\libc.a(lib_a-realloc.o) (_impure_ptr)
c:/program files (x86)/atmel/atmel toolchain/avr32 gcc/native/3.4.2.1002/avr32-gnu-toolchain/bin/../lib/gcc/avr32/4.4.7/../../../../avr32/lib/ucr3fp\libc.a(lib_a-mallocr.o)
                              c:/program files (x86)/atmel/atmel toolchain/avr32 gcc/native/3.4.2.1002/avr32-gnu-toolchain/bin/../lib/gcc/avr32/4.4.7/../../../../avr32/lib/ucr3fp\libc.a(lib_a-reallocr.o) (_malloc_r)
c:/program files (x86)/atmel/atmel toolchain/avr32 gcc/native/3.4.2.1002/avr32-gnu-toolchain/bin/../lib/gcc/avr32/4.4.7/../../../../avr32/lib/ucr3fp\libc.a(lib_a-memmove.o)
                              c:/program files (x86)/atmel/atmel toolchain/avr32 gcc/native/3.4.2.1002/avr32-gnu-toolchain/bin/../lib/gcc/avr32/4.4.7/../../../../avr32/lib/ucr3fp\libc.a(lib_a-reallocr.o) (memmove)
[...]
Memory Configuration

Name             Origin             Length             Attributes
FLASH            0x80000000         0x00080000         axrl !w
CPUSRAM          0x00000004         0x0000fffc         axw !rl
USERPAGE         0x80800000         0x00000200
FACTORYPAGE      0x80800200         0x00000200
FLASHVAULT_FLASH_SIZE 0x80800400         0x00000008         r
FLASHVAULT_RAM_SIZE 0x80800408         0x00000008         r
*default*        0x00000000         0xffffffff

Linker script and memory map

                0x00001000                _stack_size = 0x1000
LOAD src/ASF/avr32/drivers/spi/spi.o
LOAD src/ASF/avr32/drivers/wdt/wdt4.o
LOAD src/ASF/common/services/spi/uc3_spi/spi_master.o
LOAD src/ECU_CAN/ecu_can_messages.o
LOAD src/ECU_CAN/ecu_can_mob.o
LOAD src/freertos/portable/heap_1.o
LOAD src/freertos/queue.o
LOAD src/mcp2515/mcp2515.o
LOAD src/revolve_pid/revolve_pid.o
LOAD src/revolve_pid/revolve_pid_data.o
LOAD src/statemachine/fsm_ecu.o
LOAD src/statemachine/fsm_ecu_functions.o
LOAD src/statemachine/fsm_control.o
LOAD src/ASF/avr32/drivers/canif/canif.o
LOAD src/ASF/avr32/drivers/scif/scif_uc3c.o
LOAD src/ASF/avr32/services/network/can/can.o
LOAD src/ECU_CAN/ecu_can.o
LOAD src/freertos/croutine.o
LOAD src/freertos/list.o
LOAD src/freertos/portable/exception.o
LOAD src/freertos/portable/port.o
LOAD src/freertos/tasks.o
LOAD src/freertos/timers.o
LOAD src/main.o
LOAD src/ASF/avr32/drivers/flashc/flashc.o
LOAD src/ASF/avr32/drivers/gpio/gpio.o
LOAD src/ASF/avr32/drivers/intc/intc.o
LOAD src/ASF/avr32/utils/startup/startup_uc3.o
LOAD src/ASF/avr32/utils/startup/trampoline_uc3.o
LOAD src/ASF/common/services/clock/uc3c/osc.o
LOAD src/ASF/common/services/clock/uc3c/pll.o
LOAD src/ASF/common/services/clock/uc3c/sysclk.o
LOAD src/ASF/common/boards/user_board/init.o
START GROUP
END GROUP
LOAD c:/program files (x86)/atmel/atmel toolchain/avr32 gcc/native/3.4.2.1002/avr32-gnu-toolchain/bin/../lib/gcc/avr32/4.4.7/ucr3fp\libgcc.a
LOAD c:/program files (x86)/atmel/atmel toolchain/avr32 gcc/native/3.4.2.1002/avr32-gnu-toolchain/bin/../lib/gcc/avr32/4.4.7/../../../../avr32/lib/ucr3fp\libc.a
LOAD c:/program files (x86)/atmel/atmel toolchain/avr32 gcc/native/3.4.2.1002/avr32-gnu-toolchain/bin/../lib/gcc/avr32/4.4.7/ucr3fp\libgcc.a
                0x80000000                PROVIDE (__executable_start, 0x80000000)
                0x80000000                . = 0x80000000

.interp
 *(.interp)

.reset          0x80000000     0x2004
 *(.reset)
 .reset         0x80000000     0x2004 src/ASF/avr32/utils/startup/trampoline_uc3.o
                               0x2008 (size before relaxing)
                0x80000000                _trampoline

.hash
 *(.hash)

.dynsym
 *(.dynsym)

.dynstr
 *(.dynstr)

.gnu.version
 *(.gnu.version)

.gnu.version_d
 *(.gnu.version_d)

.gnu.version_r
 *(.gnu.version_r)

.rel.init
 *(.rel.init)

.rela.init
 *(.rela.init)

.rel.text
 *(.rel.text .rel.text.* .rel.gnu.linkonce.t.*)

.rela.text
 *(.rela.text .rela.text.* .rela.gnu.linkonce.t.*)

.rel.fini
 *(.rel.fini)

.rela.fini
 *(.rela.fini)

.rel.rodata
 *(.rel.rodata .rel.rodata.* .rel.gnu.linkonce.r.*)

.rela.rodata
 *(.rela.rodata .rela.rodata.* .rela.gnu.linkonce.r.*)

.rel.data.rel.ro
 *(.rel.data.rel.ro*)

.rela.data.rel.ro
 *(.rel.data.rel.ro*)

.rel.data
 *(.rel.data .rel.data.* .rel.gnu.linkonce.d.*)

.rela.data
 *(.rela.data .rela.data.* .rela.gnu.linkonce.d.*)

.rel.tdata
 *(.rel.tdata .rel.tdata.* .rel.gnu.linkonce.td.*)

.rela.tdata
 *(.rela.tdata .rela.tdata.* .rela.gnu.linkonce.td.*)

.rel.tbss
 *(.rel.tbss .rel.tbss.* .rel.gnu.linkonce.tb.*)

.rela.tbss
 *(.rela.tbss .rela.tbss.* .rela.gnu.linkonce.tb.*)

.rel.ctors
 *(.rel.ctors)

.rela.ctors
 *(.rela.ctors)

.rel.dtors
 *(.rel.dtors)

.rela.dtors
 *(.rela.dtors)

.rel.got
 *(.rel.got)

.rela.got       0x80002004        0x0
 *(.rela.got)
 .rela.got      0x80002004        0x0 src/ECU_CAN/ecu_can_mob.o

.rel.bss
 *(.rel.bss .rel.bss.* .rel.gnu.linkonce.b.*)

.rela.bss
 *(.rela.bss .rela.bss.* .rela.gnu.linkonce.b.*)

.rel.plt
 *(.rel.plt)

.rela.plt
 *(.rela.plt)

.init
 *(.init)

.plt
 *(.plt)

.text           0x80002004     0x5c30
 *(.text .stub .text.* .gnu.linkonce.t.*)
 .text.getBaudDiv
                0x80002004       0x20 src/ASF/avr32/drivers/spi/spi.o
                0x80002004                getBaudDiv
 .text.spi_enable
                0x80002024        0x6 src/ASF/avr32/drivers/spi/spi.o
                0x80002024                spi_enable
 *fill*         0x8000202a        0x2 d703d703
 .text.spi_unselectChip
                0x8000202c       0x40 src/ASF/avr32/drivers/spi/spi.o
                0x8000202c                spi_unselectChip
 .text.spi_selectChip
                0x8000206c       0x78 src/ASF/avr32/drivers/spi/spi.o
                0x8000206c                spi_selectChip
 .text.wdt_set_ctrl
                0x800020e4       0x14 src/ASF/avr32/drivers/wdt/wdt4.o
 .text.wdt_get_us_timeout_period
                0x800020f8       0xdc src/ASF/avr32/drivers/wdt/wdt4.o
                0x800020f8                wdt_get_us_timeout_period
 .text.wdt_disable
                0x800021d4       0x14 src/ASF/avr32/drivers/wdt/wdt4.o
                0x800021d4                wdt_disable
 .text.wdt_reenable
                0x800021e8       0x1c src/ASF/avr32/drivers/wdt/wdt4.o
                0x800021e8                wdt_reenable
 .text.wdt_clear
                0x80002204       0x22 src/ASF/avr32/drivers/wdt/wdt4.o
                0x80002204                wdt_clear
 *fill*         0x80002226        0x2 d703d703
 .text.wdt_enable
                0x80002228      0x1e0 src/ASF/avr32/drivers/wdt/wdt4.o
                0x80002228                wdt_enable
 .text.spi_read_packet
                0x80002408       0x50 src/ASF/common/services/spi/uc3_spi/spi_master.o
                0x80002408                spi_read_packet
 .text.spi_write_packet
                0x80002458       0x2c src/ASF/common/services/spi/uc3_spi/spi_master.o
                0x80002458                spi_write_packet
 .text.spi_master_setup_device
                0x80002484      0x37c src/ASF/common/services/spi/uc3_spi/spi_master.o
                0x80002484                spi_master_setup_device
 .text.ecu_can_send_launch_stop
                0x80002800       0x40 src/ECU_CAN/ecu_can_messages.o
                0x80002800                ecu_can_send_launch_stop
 .text.ecu_can_send_launch_ready
                0x80002840       0x40 src/ECU_CAN/ecu_can_messages.o
                0x80002840                ecu_can_send_launch_ready
 .text.ecu_can_confirm_activate_launch
                0x80002880       0x40 src/ECU_CAN/ecu_can_messages.o
                0x80002880                ecu_can_confirm_activate_launch
 .text.ecu_can_send_alive
                0x800028c0       0x60 src/ECU_CAN/ecu_can_messages.o
                0x800028c0                ecu_can_send_alive
 .text.ecu_can_send_drive_disabled
                0x80002920       0x40 src/ECU_CAN/ecu_can_messages.o
                0x80002920                ecu_can_send_drive_disabled
 .text.ecu_can_send_ready_to_drive
                0x80002960       0x40 src/ECU_CAN/ecu_can_messages.o
                0x80002960                ecu_can_send_ready_to_drive
 .text.ecu_can_send_play_rtds
                0x800029a0       0x3c src/ECU_CAN/ecu_can_messages.o
                0x800029a0                ecu_can_send_play_rtds
 .text.ecu_can_send_tractive_system_active
                0x800029dc       0x40 src/ECU_CAN/ecu_can_messages.o
                0x800029dc                ecu_can_send_tractive_system_active
 .text.ecu_can_send_slow_data
                0x80002a1c       0x3c src/ECU_CAN/ecu_can_messages.o
                0x80002a1c                ecu_can_send_slow_data
 .text.ecu_can_send_fast_data
                0x80002a58       0x3c src/ECU_CAN/ecu_can_messages.o
                0x80002a58                ecu_can_send_fast_data
 .text.ecu_can_inverter_read_reg
                0x80002a94       0x34 src/ECU_CAN/ecu_can_messages.o
                0x80002a94                ecu_can_inverter_read_reg
 .text.ecu_can_inverter_torque_cmd
                0x80002ac8       0x3c src/ECU_CAN/ecu_can_messages.o
                0x80002ac8                ecu_can_inverter_torque_cmd
 .text.ecu_can_send_to_inverter
                0x80002b04       0x34 src/ECU_CAN/ecu_can_messages.o
                0x80002b04                ecu_can_send_to_inverter
 .text.ecu_can_inverter_disable_drive
                0x80002b38       0x14 src/ECU_CAN/ecu_can_messages.o
                0x80002b38                ecu_can_inverter_disable_drive
 .text.ecu_can_inverter_enable_drive
                0x80002b4c       0x10 src/ECU_CAN/ecu_can_messages.o
                0x80002b4c                ecu_can_inverter_enable_drive
 .text.vPortFree
                0x80002b5c        0x2 src/freertos/portable/heap_1.o
                0x80002b5c                vPortFree
 *fill*         0x80002b5e        0x2 d703d703
 .text.pvPortMalloc
                0x80002b60       0x68 src/freertos/portable/heap_1.o
                0x80002b60                pvPortMalloc
 .text.prvCopyDataFromQueue
                0x80002bc8       0x30 src/freertos/queue.o
 .text.prvCopyDataToQueue
                0x80002bf8       0x74 src/freertos/queue.o
 .text.xQueueGenericSendFromISR
                0x80002c6c       0x5c src/freertos/queue.o
                0x80002c6c                xQueueGenericSendFromISR
 .text.prvUnlockQueue
                0x80002cc8       0xa4 src/freertos/queue.o
 .text.xQueueGenericReceive
                0x80002d6c      0x11c src/freertos/queue.o
                0x80002d6c                xQueueGenericReceive
 .text.xQueueGenericSend
                0x80002e88      0x104 src/freertos/queue.o
                0x80002e88                xQueueGenericSend
 .text.xQueueGenericReset
                0x80002f8c       0x78 src/freertos/queue.o
                0x80002f8c                xQueueGenericReset
 .text.xQueueGenericCreate
                0x80003004       0x54 src/freertos/queue.o
                0x80003004                xQueueGenericCreate
 .text.mcp2515_read_array
                0x80003058       0x54 src/mcp2515/mcp2515.o
                0x80003058                mcp2515_read_array
 .text.load_state
                0x800030ac       0x58 src/mcp2515/mcp2515.o
                0x800030ac                load_state
 .text.mcp2515_readRXbuffer
                0x80003104       0x58 src/mcp2515/mcp2515.o
                0x80003104                mcp2515_readRXbuffer
 .text.mcp2515_write_array
                0x8000315c       0x5c src/mcp2515/mcp2515.o
                0x8000315c                mcp2515_write_array
 .text.save_state
                0x800031b8       0x44 src/mcp2515/mcp2515.o
                0x800031b8                save_state
 .text.mcp2515_setToMode
                0x800031fc       0x4c src/mcp2515/mcp2515.o
                0x800031fc                mcp2515_setToMode
 .text.mcp2515_readRegister
                0x80003248       0x5c src/mcp2515/mcp2515.o
                0x80003248                mcp2515_readRegister
 .text.mcp2515_getCurrentMode
                0x800032a4       0x14 src/mcp2515/mcp2515.o
                0x800032a4                mcp2515_getCurrentMode
 .text.mcp2515_writeRegister
                0x800032b8       0x48 src/mcp2515/mcp2515.o
                0x800032b8                mcp2515_writeRegister
 .text.mcp2515_reset
                0x80003300       0x2c src/mcp2515/mcp2515.o
                0x80003300                mcp2515_reset
 .text.mcp2515_init
                0x8000332c       0x7c src/mcp2515/mcp2515.o
                0x8000332c                mcp2515_init
 .text.mcp2515_getReceivedMessage
                0x800033a8       0x58 src/mcp2515/mcp2515.o
                0x800033a8                mcp2515_getReceivedMessage
 .text.mcp2515_sendCanMessage
                0x80003400       0x8c src/mcp2515/mcp2515.o
                0x80003400                mcp2515_sendCanMessage
 .text.spi_init_module
                0x8000348c       0x88 src/mcp2515/mcp2515.o
                0x8000348c                spi_init_module
 .text.spi_init_pins
                0x80003514       0x14 src/mcp2515/mcp2515.o
                0x80003514                spi_init_pins
 .text.fsm_ecu_init
                0x80003528       0xe0 src/statemachine/fsm_ecu.o
                0x80003528                fsm_ecu_init
 .text.fsm_ecu_run_state
                0x80003608       0x14 src/statemachine/fsm_ecu.o
                0x80003608                fsm_ecu_run_state
 .text.fsm_ecu_state_error_func
                0x8000361c       0x5c src/statemachine/fsm_ecu.o
                0x8000361c                fsm_ecu_state_error_func
 .text.fsm_ecu_state_plausibility_error_func
                0x80003678       0x84 src/statemachine/fsm_ecu.o
                0x80003678                fsm_ecu_state_plausibility_error_func
 .text.fsm_ecu_state_deactivate_launch_func
                0x800036fc       0x40 src/statemachine/fsm_ecu.o
                0x800036fc                fsm_ecu_state_deactivate_launch_func
 .text.fsm_ecu_state_launch_control_func
                0x8000373c       0xf8 src/statemachine/fsm_ecu.o
                0x8000373c                fsm_ecu_state_launch_control_func
 .text.fsm_ecu_state_init_launch_func
                0x80003834       0xb4 src/statemachine/fsm_ecu.o
                0x80003834                fsm_ecu_state_init_launch_func
 .text.fsm_ecu_state_ready_func
                0x800038e8      0x16c src/statemachine/fsm_ecu.o
                0x800038e8                fsm_ecu_state_ready_func
 .text.fsm_ecu_state_enable_drive_func
                0x80003a54      0x164 src/statemachine/fsm_ecu.o
                0x80003a54                fsm_ecu_state_enable_drive_func
 .text.fsm_ecu_state_charged_func
                0x80003bb8       0xf4 src/statemachine/fsm_ecu.o
                0x80003bb8                fsm_ecu_state_charged_func
 .text.fsm_ecu_state_startup_func
                0x80003cac      0x190 src/statemachine/fsm_ecu.o
                0x80003cac                fsm_ecu_state_startup_func
 .text.brake_plausibility_check
                0x80003e3c       0x50 src/statemachine/fsm_ecu_functions.o
                0x80003e3c                brake_plausibility_check
 .text.torque_plausibility_check
                0x80003e8c       0x30 src/statemachine/fsm_ecu_functions.o
                0x80003e8c                torque_plausibility_check
 .text.calc_kers
                0x80003ebc       0xcc src/statemachine/fsm_ecu_functions.o
                0x80003ebc                calc_kers
 .text.check_inverter_error
                0x80003f88       0x1e src/statemachine/fsm_ecu_functions.o
                0x80003f88                check_inverter_error
 .text.convert_to_big_endian
                0x80003fa6       0x10 src/statemachine/fsm_ecu_functions.o
                0x80003fa6                convert_to_big_endian
 *fill*         0x80003fb6        0x2 d703d703
 .text.convert_num_to_vdc
                0x80003fb8       0x40 src/statemachine/fsm_ecu_functions.o
                0x80003fb8                convert_num_to_vdc
 .text.handle_bms_data
                0x80003ff8       0x5a src/statemachine/fsm_ecu_functions.o
                0x80003ff8                handle_bms_data
 *fill*         0x80004052        0x2 d703d703
 .text.handle_dash_data
                0x80004054      0x188 src/statemachine/fsm_ecu_functions.o
                0x80004054                handle_dash_data
 .text.handle_inverter_data
                0x800041dc       0xac src/statemachine/fsm_ecu_functions.o
                0x800041dc                handle_inverter_data
 .text.map_pedal
                0x80004288       0x98 src/statemachine/fsm_ecu_functions.o
                0x80004288                map_pedal
 .text.get_new_data
                0x80004320       0xc0 src/statemachine/fsm_ecu_functions.o
                0x80004320                get_new_data
 .text.get_trq_sens
                0x800043e0       0xd4 src/statemachine/fsm_ecu_functions.o
                0x800043e0                get_trq_sens
 .text.get_speed_sens
                0x800044b4       0x78 src/statemachine/fsm_ecu_functions.o
                0x800044b4                get_speed_sens
 .text.get_brake_sens
                0x8000452c       0x40 src/statemachine/fsm_ecu_functions.o
                0x8000452c                get_brake_sens
 .text.check_bspd
                0x8000456c       0x28 src/statemachine/fsm_ecu_functions.o
                0x8000456c                check_bspd
 .text.ecu_dio_inverter_clear_error
                0x80004594       0x5c src/statemachine/fsm_ecu_functions.o
                0x80004594                ecu_dio_inverter_clear_error
 .text.launch_control
                0x800045f0       0xf8 src/statemachine/fsm_control.o
                0x800045f0                launch_control
 .text.canif_clear_all_mob
                0x800046e8       0x48 src/ASF/avr32/drivers/canif/canif.o
                0x800046e8                canif_clear_all_mob
 .text.canif_fixed_baudrate
                0x80004730       0x4e src/ASF/avr32/drivers/canif/canif.o
                0x80004730                canif_fixed_baudrate
 .text.scif_stop_gclk
                0x8000477e       0x30 src/ASF/avr32/drivers/scif/scif_uc3c.o
                0x8000477e                scif_stop_gclk
 *fill*         0x800047ae        0x2 d703d703
 .text.scif_gc_setup
                0x800047b0       0x84 src/ASF/avr32/drivers/scif/scif_uc3c.o
                0x800047b0                scif_gc_setup
 .text.scif_gc_enable
                0x80004834       0x24 src/ASF/avr32/drivers/scif/scif_uc3c.o
                0x80004834                scif_gc_enable
 .text.can0_int_tx_handler
                0x80004858       0x40 src/ASF/avr32/services/network/can/can.o
 .text.can0_int_rx_handler
                0x80004898       0x40 src/ASF/avr32/services/network/can/can.o
 .text.can0_int_busoff_handler
                0x800048d8       0x20 src/ASF/avr32/services/network/can/can.o
 .text.can0_int_cerr_handler
                0x800048f8       0x20 src/ASF/avr32/services/network/can/can.o
 .text.can0_int_wakeup_handler
                0x80004918       0x20 src/ASF/avr32/services/network/can/can.o
 .text.can1_int_tx_handler
                0x80004938       0x44 src/ASF/avr32/services/network/can/can.o
 .text.can1_int_rx_handler
                0x8000497c       0x44 src/ASF/avr32/services/network/can/can.o
 .text.can1_int_busoff_handler
                0x800049c0       0x24 src/ASF/avr32/services/network/can/can.o
 .text.can1_int_cerr_handler
                0x800049e4       0x24 src/ASF/avr32/services/network/can/can.o
 .text.can1_int_wakeup_handler
                0x80004a08       0x24 src/ASF/avr32/services/network/can/can.o
 .text.can_tx   0x80004a2c      0x126 src/ASF/avr32/services/network/can/can.o
                0x80004a2c                can_tx
 .text.can_rx   0x80004b52      0x10a src/ASF/avr32/services/network/can/can.o
                0x80004b52                can_rx
 .text.can_get_mob_data
                0x80004c5c       0x18 src/ASF/avr32/services/network/can/can.o
                0x80004c5c                can_get_mob_data
 .text.can_get_mob_dlc
                0x80004c74       0x18 src/ASF/avr32/services/network/can/can.o
                0x80004c74                can_get_mob_dlc
 .text.can_get_mob_id
                0x80004c8c       0x18 src/ASF/avr32/services/network/can/can.o
                0x80004c8c                can_get_mob_id
 .text.can_enable_interrupt
                0x80004ca4       0xe0 src/ASF/avr32/services/network/can/can.o
                0x80004ca4                can_enable_interrupt
 .text.can_init
                0x80004d84      0x15c src/ASF/avr32/services/network/can/can.o
                0x80004d84                can_init
 .text.can_out_callback_channel1
                0x80004ee0      0x3c4 src/ECU_CAN/ecu_can.o
                0x80004ee0                can_out_callback_channel1
 .text.can_out_callback_channel0
                0x800052a4      0x1ec src/ECU_CAN/ecu_can.o
                0x800052a4                can_out_callback_channel0
 .text.ecu_can_init
                0x80005490      0x1bc src/ECU_CAN/ecu_can.o
                0x80005490                ecu_can_init
 .text.vListInitialise
                0x8000564c       0x14 src/freertos/list.o
                0x8000564c                vListInitialise
 .text.vListInitialiseItem
                0x80005660        0x6 src/freertos/list.o
                0x80005660                vListInitialiseItem
 .text.vListInsertEnd
                0x80005666       0x1c src/freertos/list.o
                0x80005666                vListInsertEnd
 .text.vListInsert
                0x80005682       0x34 src/freertos/list.o
                0x80005682                vListInsert
 .text.vListRemove
                0x800056b6       0x26 src/freertos/list.o
                0x800056b6                vListRemove
 .text.pxPortInitialiseStack
                0x800056dc       0x92 src/freertos/portable/port.o
                0x800056dc                pxPortInitialiseStack
 *fill*         0x8000576e        0x2 d703d703
 .text.vPortEnterCritical
                0x80005770       0x10 src/freertos/portable/port.o
                0x80005770                vPortEnterCritical
 .text.xPortStartScheduler
                0x80005780       0x58 src/freertos/portable/port.o
                0x80005780                xPortStartScheduler
 .text.SCALLYield
                0x800057d8       0x98 src/freertos/portable/port.o
                0x800057d8                SCALLYield
 .text.prvClearCcInt
                0x80005870        0xa src/freertos/portable/port.o
 *fill*         0x8000587a        0x2 d703d703
 .text.vPortExitCritical
                0x8000587c       0x20 src/freertos/portable/port.o
                0x8000587c                vPortExitCritical
 .text.vTick    0x8000589c       0x84 src/freertos/portable/port.o
 .text.vTaskSuspendAll
                0x80005920       0x10 src/freertos/tasks.o
                0x80005920                vTaskSuspendAll
 .text.vTaskSwitchContext
                0x80005930       0x7c src/freertos/tasks.o
                0x80005930                vTaskSwitchContext
 .text.vTaskSetTimeOutState
                0x800059ac       0x18 src/freertos/tasks.o
                0x800059ac                vTaskSetTimeOutState
 .text.vTaskMissedYield
                0x800059c4        0xc src/freertos/tasks.o
                0x800059c4                vTaskMissedYield
 .text.xTaskCheckForTimeOut
                0x800059d0       0x70 src/freertos/tasks.o
                0x800059d0                xTaskCheckForTimeOut
 .text.xTaskGetTickCount
                0x80005a40       0x24 src/freertos/tasks.o
                0x80005a40                xTaskGetTickCount
 .text.xTaskRemoveFromEventList
                0x80005a64       0x80 src/freertos/tasks.o
                0x80005a64                xTaskRemoveFromEventList
 .text.vTaskIncrementTick
                0x80005ae4      0x114 src/freertos/tasks.o
                0x80005ae4                vTaskIncrementTick
 .text.xTaskResumeAll
                0x80005bf8       0xe8 src/freertos/tasks.o
                0x80005bf8                xTaskResumeAll
 .text.prvAddCurrentTaskToDelayedList
                0x80005ce0       0x5c src/freertos/tasks.o
 .text.vTaskDelayUntil
                0x80005d3c       0x80 src/freertos/tasks.o
                0x80005d3c                vTaskDelayUntil
 .text.vTaskPlaceOnEventList
                0x80005dbc       0x58 src/freertos/tasks.o
                0x80005dbc                vTaskPlaceOnEventList
 .text.prvIdleTask
                0x80005e14       0x80 src/freertos/tasks.o
 .text.xTaskGenericCreate
                0x80005e94      0x1e4 src/freertos/tasks.o
                0x80005e94                xTaskGenericCreate
 .text.vTaskStartScheduler
                0x80006078       0x4c src/freertos/tasks.o
                0x80006078                vTaskStartScheduler
 .text.get_and_send_periodic_data
                0x800060c4       0xf0 src/main.o
                0x800060c4                get_and_send_periodic_data
 .text.wdt_scheduler
                0x800061b4       0x7c src/main.o
                0x800061b4                wdt_scheduler
 .text.main     0x80006230      0x1c0 src/main.o
                0x80006230                main
 .text.task_watchdog
                0x800063f0       0xb8 src/main.o
 .text.task_spi_can
                0x800064a8      0x168 src/main.o
 .text.task_main
                0x80006610       0x80 src/main.o
 .text.flashc_set_wait_state
                0x80006690        0xe src/ASF/avr32/drivers/flashc/flashc.o
                0x80006690                flashc_set_wait_state
 *fill*         0x8000669e        0x2 d703d703
 .text.flashc_set_bus_freq
                0x800066a0       0x24 src/ASF/avr32/drivers/flashc/flashc.o
                0x800066a0                flashc_set_bus_freq
 .text.gpio_enable_module_pin
                0x800066c4       0x94 src/ASF/avr32/drivers/gpio/gpio.o
                0x800066c4                gpio_enable_module_pin
 .text.gpio_enable_module
                0x80006758       0x30 src/ASF/avr32/drivers/gpio/gpio.o
                0x80006758                gpio_enable_module
 .text.gpio_configure_pin
                0x80006788      0x130 src/ASF/avr32/drivers/gpio/gpio.o
                0x80006788                gpio_configure_pin
 .text.gpio_get_pin_value
                0x800068b8       0x16 src/ASF/avr32/drivers/gpio/gpio.o
                0x800068b8                gpio_get_pin_value
 .text.gpio_set_pin_high
                0x800068ce       0x16 src/ASF/avr32/drivers/gpio/gpio.o
                0x800068ce                gpio_set_pin_high
 .text.gpio_set_pin_low
                0x800068e4       0x16 src/ASF/avr32/drivers/gpio/gpio.o
                0x800068e4                gpio_set_pin_low
 .text.gpio_toggle_pin
                0x800068fa       0x16 src/ASF/avr32/drivers/gpio/gpio.o
                0x800068fa                gpio_toggle_pin
 .text._unhandled_interrupt
                0x80006910        0x2 src/ASF/avr32/drivers/intc/intc.o
 *fill*         0x80006912        0x2 d703d703
 .text.INTC_register_interrupt
                0x80006914       0x80 src/ASF/avr32/drivers/intc/intc.o
                0x80006914                INTC_register_interrupt
 .text.INTC_init_interrupts
                0x80006994       0x54 src/ASF/avr32/drivers/intc/intc.o
                0x80006994                INTC_init_interrupts
 .text._get_interrupt_handler
                0x800069e8       0x38 src/ASF/avr32/drivers/intc/intc.o
                0x800069e8                _get_interrupt_handler
 .text._stext   0x80006a20       0x40 src/ASF/avr32/utils/startup/startup_uc3.o
                                 0x50 (size before relaxing)
                0x80006a20                _stext
 .text.osc_priv_enable_rc120m
                0x80006a60       0x24 src/ASF/common/services/clock/uc3c/osc.o
                0x80006a60                osc_priv_enable_rc120m
 .text.osc_priv_enable_rc8m
                0x80006a84       0x40 src/ASF/common/services/clock/uc3c/osc.o
                0x80006a84                osc_priv_enable_rc8m
 .text.osc_priv_enable_osc32
                0x80006ac4       0x26 src/ASF/common/services/clock/uc3c/osc.o
                0x80006ac4                osc_priv_enable_osc32
 .text.osc_priv_enable_osc0
                0x80006aea       0x24 src/ASF/common/services/clock/uc3c/osc.o
                0x80006aea                osc_priv_enable_osc0
 .text.pll_enable
                0x80006b0e       0x2a src/ASF/common/services/clock/uc3c/pll.o
                0x80006b0e                pll_enable
 .text.osc_enable
                0x80006b38       0x50 src/ASF/common/services/clock/uc3c/sysclk.o
 .text.sysclk_set_source
                0x80006b88       0x20 src/ASF/common/services/clock/uc3c/sysclk.o
                0x80006b88                sysclk_set_source
 .text.sysclk_set_prescalers
                0x80006ba8       0x6c src/ASF/common/services/clock/uc3c/sysclk.o
                0x80006ba8                sysclk_set_prescalers
 .text.sysclk_priv_enable_module
                0x80006c14       0x3a src/ASF/common/services/clock/uc3c/sysclk.o
                0x80006c14                sysclk_priv_enable_module
 *fill*         0x80006c4e        0x2 d703d703
 .text.sysclk_init
                0x80006c50       0x98 src/ASF/common/services/clock/uc3c/sysclk.o
                0x80006c50                sysclk_init
 .text.board_init
                0x80006ce8       0xa4 src/ASF/common/boards/user_board/init.o
                0x80006ce8                board_init
 .text          0x80006d8c      0x1d4 c:/program files (x86)/atmel/atmel toolchain/avr32 gcc/native/3.4.2.1002/avr32-gnu-toolchain/bin/../lib/gcc/avr32/4.4.7/ucr3fp\libgcc.a(_avr32_f64_mul.o)
                0x80006d8c                __avr32_f64_mul
 .text          0x80006f60      0x2b0 c:/program files (x86)/atmel/atmel toolchain/avr32 gcc/native/3.4.2.1002/avr32-gnu-toolchain/bin/../lib/gcc/avr32/4.4.7/ucr3fp\libgcc.a(_avr32_f64_addsub.o)
                0x80006f64                __avr32_f64_sub
                0x80007100                __avr32_f64_add
 .text          0x80007210       0xe8 c:/program files (x86)/atmel/atmel toolchain/avr32 gcc/native/3.4.2.1002/avr32-gnu-toolchain/bin/../lib/gcc/avr32/4.4.7/ucr3fp\libgcc.a(_avr32_s32_to_f64.o)
                0x80007210                __avr32_u32_to_f64
                0x80007218                __avr32_s32_to_f64
 .text          0x800072f8      0x318 c:/program files (x86)/atmel/atmel toolchain/avr32 gcc/native/3.4.2.1002/avr32-gnu-toolchain/bin/../lib/gcc/avr32/4.4.7/ucr3fp\libgcc.a(_avr32_f64_div.o)
                0x800072f8                __avr32_f64_div
 .text          0x80007610      0x160 c:/program files (x86)/atmel/atmel toolchain/avr32 gcc/native/3.4.2.1002/avr32-gnu-toolchain/bin/../lib/gcc/avr32/4.4.7/ucr3fp\libgcc.a(_avr32_f32_div.o)
                0x80007610                __avr32_f32_div
 .text          0x80007770       0x60 c:/program files (x86)/atmel/atmel toolchain/avr32 gcc/native/3.4.2.1002/avr32-gnu-toolchain/bin/../lib/gcc/avr32/4.4.7/ucr3fp\libgcc.a(_avr32_f32_to_f64.o)
                0x80007770                __avr32_f32_to_f64
 .text          0x800077d0       0x8a c:/program files (x86)/atmel/atmel toolchain/avr32 gcc/native/3.4.2.1002/avr32-gnu-toolchain/bin/../lib/gcc/avr32/4.4.7/ucr3fp\libgcc.a(_avr32_f64_to_f32.o)
                0x800077d0                __avr32_f64_to_f32
 .text          0x8000785a      0x264 c:/program files (x86)/atmel/atmel toolchain/avr32 gcc/native/3.4.2.1002/avr32-gnu-toolchain/bin/../lib/gcc/avr32/4.4.7/ucr3fp\libgcc.a(_udivdi3.o)
                0x8000785a                __avr32_udiv64
                0x8000785a                __udivdi3
 .text          0x80007abe      0x148 c:/program files (x86)/atmel/atmel toolchain/avr32 gcc/native/3.4.2.1002/avr32-gnu-toolchain/bin/../lib/gcc/avr32/4.4.7/../../../../avr32/lib/ucr3fp\libc.a(lib_a-memcpy.o)
                0x80007abe                memcpy
 .text.memset   0x80007c06        0xe c:/program files (x86)/atmel/atmel toolchain/avr32 gcc/native/3.4.2.1002/avr32-gnu-toolchain/bin/../lib/gcc/avr32/4.4.7/../../../../avr32/lib/ucr3fp\libc.a(lib_a-memset.o)
                0x80007c06                memset
 .text          0x80007c14       0x20 c:/program files (x86)/atmel/atmel toolchain/avr32 gcc/native/3.4.2.1002/avr32-gnu-toolchain/bin/../lib/gcc/avr32/4.4.7/../../../../avr32/lib/ucr3fp\libc.a(lib_a-strncpy.o)
                0x80007c14                strncpy
 *(.text.*personality*)
 *(.gnu.warning)

.exception      0x80007e00      0x200
 .exception     0x80007e00      0x200 src/freertos/portable/exception.o
                0x80007e00                _evba
                0x80007f04                _int0
                0x80007f12                _int1
                0x80007f20                _int2
                0x80007f2e                _int3

.fini
 *(.fini)
                0x80008000                PROVIDE (__etext, .)
                0x80008000                PROVIDE (_etext, .)
                0x80008000                PROVIDE (etext, .)

.rodata         0x80008000      0x234
 *(.rodata .rodata.* .gnu.linkonce.r.*)
 .rodata.CSWTCH.59
                0x80008000        0x4 src/mcp2515/mcp2515.o
 .rodata.MCP2515_SPI_GPIO_MAP.16025
                0x80008004       0x28 src/mcp2515/mcp2515.o
 .rodata.fsm_ecu_state_table
                0x8000802c       0x24 src/statemachine/fsm_ecu.o
                0x8000802c                fsm_ecu_state_table
 .rodata.CAN_GPIO_MAP.16047
                0x80008050       0x20 src/ECU_CAN/ecu_can.o
 .rodata.str1.4
                0x80008070        0x5 src/freertos/tasks.o
                                  0x8 (size before relaxing)
 *fill*         0x80008075        0x3 
 .rodata.str1.4
                0x80008078       0x24 src/main.o
 .rodata.gpio_enable_module_pin
                0x8000809c       0x20 src/ASF/avr32/drivers/gpio/gpio.o
 .rodata._int_handler_table
                0x800080bc      0x178 src/ASF/avr32/drivers/intc/intc.o

.rodata1
 *(.rodata1)

.eh_frame_hdr
 *(.eh_frame_hdr)

.eh_frame
 *(.eh_frame)

.gcc_except_table
 *(.gcc_except_table)
 *(.gcc_except_table.*)

.dalign         0x80008234        0x4
                0x80008238                . = ALIGN (0x8)
 *fill*         0x80008234        0x4 
                0x80008238                PROVIDE (_data_lma, .)
                0x00000004                PROVIDE (_data, ORIGIN (CPUSRAM))
                0x00000004                . = ORIGIN (CPUSRAM)

.eh_frame
 *(.eh_frame)

.gcc_except_table
 *(.gcc_except_table)
 *(.gcc_except_table.*)

.tdata
 *(.tdata .tdata.* .gnu.linkonce.td.*)

.tbss
 *(.tbss .tbss.* .gnu.linkonce.tb.*)
 *(.tcommon)
                0x00000004                PROVIDE (__preinit_array_start, ALIGN (0x4))

.preinit_array
 *(.preinit_array)
                0x00000004                PROVIDE (__preinit_array_end, .)
                0x00000004                PROVIDE (__init_array_start, .)

.init_array
 *(.init_array)
                0x00000004                PROVIDE (__init_array_end, .)
                0x00000004                PROVIDE (__fini_array_start, .)

.fini_array
 *(.fini_array)
                0x00000004                PROVIDE (__fini_array_end, .)

.ctors
 *crtbegin*.o(.ctors)
 *(EXCLUDE_FILE(*crtend*.o) .ctors)
 *(SORT(.ctors.*))
 *(.ctors)

.dtors
 *crtbegin*.o(.dtors)
 *(EXCLUDE_FILE(*crtend*.o) .dtors)
 *(SORT(.dtors.*))
 *(.dtors)

.jcr
 *(.jcr)

.data.rel.ro
 *(.data.rel.ro.local)
 *(.data.rel.ro*)

.dynamic
 *(.dynamic)

.got
 *(.got.plt)
 *(.got)

.data           0x00000004      0x1fc load address 0x80008238
 *(.data .data.* .gnu.linkonce.d.*)
 .data.msg_rx_bms_precharge
                0x00000004       0x10 src/ECU_CAN/ecu_can_mob.o
                0x00000004                msg_rx_bms_precharge
 .data.mob_rx_speed_sens_rl
                0x00000014        0xc src/ECU_CAN/ecu_can_mob.o
                0x00000014                mob_rx_speed_sens_rl
 .data.mob_rx_speed_sens_fl
                0x00000020        0xc src/ECU_CAN/ecu_can_mob.o
                0x00000020                mob_rx_speed_sens_fl
 .data.mob_rx_bspd
                0x0000002c        0xc src/ECU_CAN/ecu_can_mob.o
                0x0000002c                mob_rx_bspd
 .data.mob_rx_speed_sens_rr
                0x00000038        0xc src/ECU_CAN/ecu_can_mob.o
                0x00000038                mob_rx_speed_sens_rr
 .data.msg_rx_speed_sens_fl
                0x00000044       0x10 src/ECU_CAN/ecu_can_mob.o
                0x00000044                msg_rx_speed_sens_fl
 .data.msg_rx_dash_pri
                0x00000054       0x10 src/ECU_CAN/ecu_can_mob.o
                0x00000054                msg_rx_dash_pri
 .data.mob_ecu_fast_data
                0x00000064        0xc src/ECU_CAN/ecu_can_mob.o
                0x00000064                mob_ecu_fast_data
 .data.msg_ecu_slow_data
                0x00000070       0x10 src/ECU_CAN/ecu_can_mob.o
                0x00000070                msg_ecu_slow_data
 .data.msg_rx_bms_battvolt
                0x00000080       0x10 src/ECU_CAN/ecu_can_mob.o
                0x00000080                msg_rx_bms_battvolt
 .data.msg_rx_speed_sens_rl
                0x00000090       0x10 src/ECU_CAN/ecu_can_mob.o
                0x00000090                msg_rx_speed_sens_rl
 .data.mob_tx_dash
                0x000000a0        0xc src/ECU_CAN/ecu_can_mob.o
                0x000000a0                mob_tx_dash
 .data.mob_rx_bms_precharge
                0x000000ac        0xc src/ECU_CAN/ecu_can_mob.o
                0x000000ac                mob_rx_bms_precharge
 .data.msg_rx_speed_sens_rr
                0x000000b8       0x10 src/ECU_CAN/ecu_can_mob.o
                0x000000b8                msg_rx_speed_sens_rr
 .data.msg_rx_bspd
                0x000000c8       0x10 src/ECU_CAN/ecu_can_mob.o
                0x000000c8                msg_rx_bspd
 .data.msg_rx_dash_data
                0x000000d8       0x10 src/ECU_CAN/ecu_can_mob.o
                0x000000d8                msg_rx_dash_data
 .data.mob_slip_current
                0x000000e8        0xc src/ECU_CAN/ecu_can_mob.o
                0x000000e8                mob_slip_current
 .data.msg_rx_trq_sens0
                0x000000f4       0x10 src/ECU_CAN/ecu_can_mob.o
                0x000000f4                msg_rx_trq_sens0
 .data.msg_rx_trq_sens1
                0x00000104       0x10 src/ECU_CAN/ecu_can_mob.o
                0x00000104                msg_rx_trq_sens1
 .data.msg_brk  0x00000114       0x10 src/ECU_CAN/ecu_can_mob.o
                0x00000114                msg_brk
 .data.msg_ecu_fast_data
                0x00000124       0x10 src/ECU_CAN/ecu_can_mob.o
                0x00000124                msg_ecu_fast_data
 .data.mob_rx_bms_battvolt
                0x00000134        0xc src/ECU_CAN/ecu_can_mob.o
                0x00000134                mob_rx_bms_battvolt
 .data.mob_ecu_slow_data
                0x00000140        0xc src/ECU_CAN/ecu_can_mob.o
                0x00000140                mob_ecu_slow_data
 .data.mob_rx_dash_pri
                0x0000014c        0xc src/ECU_CAN/ecu_can_mob.o
                0x0000014c                mob_rx_dash_pri
 .data.mob_brk  0x00000158        0xc src/ECU_CAN/ecu_can_mob.o
                0x00000158                mob_brk
 .data.msg_slip_current
                0x00000164       0x10 src/ECU_CAN/ecu_can_mob.o
                0x00000164                msg_slip_current
 .data.msg_rx_speed_sens_fr
                0x00000174       0x10 src/ECU_CAN/ecu_can_mob.o
                0x00000174                msg_rx_speed_sens_fr
 .data.mob_rx_dash_data
                0x00000184        0xc src/ECU_CAN/ecu_can_mob.o
                0x00000184                mob_rx_dash_data
 .data.msg_tx_dash
                0x00000190       0x10 src/ECU_CAN/ecu_can_mob.o
                0x00000190                msg_tx_dash
 .data.mob_rx_speed_sens_fr
                0x000001a0        0xc src/ECU_CAN/ecu_can_mob.o
                0x000001a0                mob_rx_speed_sens_fr
 .data.mob_rx_trq_sens0
                0x000001ac        0xc src/ECU_CAN/ecu_can_mob.o
                0x000001ac                mob_rx_trq_sens0
 .data.mob_rx_trq_sens1
                0x000001b8        0xc src/ECU_CAN/ecu_can_mob.o
                0x000001b8                mob_rx_trq_sens1
 .data.slip_target
                0x000001c4       0x14 src/statemachine/fsm_ecu_functions.o
                0x000001c4                slip_target
 .data.first_run.16216
                0x000001d8        0x1 src/statemachine/fsm_control.o
 *fill*         0x000001d9        0x3 
 .data.ulCriticalNesting
                0x000001dc        0x4 src/freertos/portable/port.o
                0x000001dc                ulCriticalNesting
 .data.xNextTaskUnblockTime
                0x000001e0        0x4 src/freertos/tasks.o
 .data.data_timer
                0x000001e4        0x2 src/main.o
 *fill*         0x000001e6        0x2 
 .data.opt      0x000001e8       0x18 src/main.o
                0x000001e8                opt
 *(.gnu.linkonce.d.*personality*)

.hsb_ram_loc    0x00000200      0x200 load address 0x80008434
 .hsb_ram_loc   0x00000200      0x200 src/ECU_CAN/ecu_can.o
                0x00000200                mob_ram_ch0
                0x00000300                mob_ram_ch1

.data1
 *(.data1)

.balign         0x00000400        0x0 load address 0x80008634
                0x00000400                . = ALIGN (0x8)
                0x00000400                _edata = .
                0x00000400                _edata = .
                0x00000400                PROVIDE (edata, .)
                0x00000400                __bss_start = .

.bss            0x00000400     0xcc28 load address 0x80008634
 *(.dynbss)
 *(.bss .bss.* .gnu.linkonce.b.*)
 .bss.xNextFreeByte
                0x00000400        0x4 src/freertos/portable/heap_1.o
 .bss.ucHeap    0x00000404     0xc800 src/freertos/portable/heap_1.o
 .bss.pucAlignedHeap.14224
                0x0000cc04        0x4 src/freertos/portable/heap_1.o
 .bss.activation_timer.16385
                0x0000cc08        0x2 src/statemachine/fsm_ecu.o
 .bss.timer.16420
                0x0000cc0a        0x1 src/statemachine/fsm_ecu.o
 *fill*         0x0000cc0b        0x1 
 .bss.attempts  0x0000cc0c        0x2 src/statemachine/fsm_ecu.o
 .bss.precharge_timer.16172
                0x0000cc0e        0x1 src/statemachine/fsm_ecu.o
 .bss.internal_state.16171
                0x0000cc0f        0x1 src/statemachine/fsm_ecu.o
 .bss.activation_timer.16355
                0x0000cc10        0x2 src/statemachine/fsm_ecu.o
 .bss.internal_state.16264
                0x0000cc12        0x1 src/statemachine/fsm_ecu.o
 .bss.verification_timer.16356
                0x0000cc13        0x1 src/statemachine/fsm_ecu.o
 .bss.trq_sens1_missed.16333
                0x0000cc14        0x1 src/statemachine/fsm_ecu_functions.o
 *fill*         0x0000cc15        0x3 
 .bss.pedal_filter.16538
                0x0000cc18        0x4 src/statemachine/fsm_ecu_functions.o
 .bss.allow_kers.16222
                0x0000cc1c        0x1 src/statemachine/fsm_ecu_functions.o
 .bss.plausibility_timer.16151
                0x0000cc1d        0x1 src/statemachine/fsm_ecu_functions.o
 .bss.trq_sens0_missed.16332
                0x0000cc1e        0x1 src/statemachine/fsm_ecu_functions.o
 *fill*         0x0000cc1f        0x1 
 .bss.filter_output.16215
                0x0000cc20        0x4 src/statemachine/fsm_control.o
 .bss.can_lib_params
                0x0000cc24        0x8 src/ASF/avr32/services/network/can/can.o
 .bss.uxMissedTicks
                0x0000cc2c        0x4 src/freertos/tasks.o
 .bss.uxTopUsedPriority
                0x0000cc30        0x4 src/freertos/tasks.o
 .bss.pxDelayedTaskList
                0x0000cc34        0x4 src/freertos/tasks.o
 .bss.xSchedulerRunning
                0x0000cc38        0x4 src/freertos/tasks.o
 .bss.uxTasksDeleted
                0x0000cc3c        0x4 src/freertos/tasks.o
 .bss.xNumOfOverflows
                0x0000cc40        0x4 src/freertos/tasks.o
 .bss.pxOverflowDelayedTaskList
                0x0000cc44        0x4 src/freertos/tasks.o
 .bss.pxReadyTasksLists
                0x0000cc48       0xa0 src/freertos/tasks.o
 .bss.xTasksWaitingTermination
                0x0000cce8       0x14 src/freertos/tasks.o
 .bss.pxCurrentTCB
                0x0000ccfc        0x4 src/freertos/tasks.o
                0x0000ccfc                pxCurrentTCB
 .bss.xPendingReadyList
                0x0000cd00       0x14 src/freertos/tasks.o
 .bss.xDelayedTaskList1
                0x0000cd14       0x14 src/freertos/tasks.o
 .bss.xTickCount
                0x0000cd28        0x4 src/freertos/tasks.o
 .bss.uxSchedulerSuspended
                0x0000cd2c        0x4 src/freertos/tasks.o
 .bss.xDelayedTaskList2
                0x0000cd30       0x14 src/freertos/tasks.o
 .bss.uxTaskNumber
                0x0000cd44        0x4 src/freertos/tasks.o
 .bss.uxCurrentNumberOfTasks
                0x0000cd48        0x4 src/freertos/tasks.o
 .bss.xMissedYield
                0x0000cd4c        0x4 src/freertos/tasks.o
 .bss.xSuspendedTaskList
                0x0000cd50       0x14 src/freertos/tasks.o
 .bss.uxTopReadyPriority
                0x0000cd64        0x4 src/freertos/tasks.o
 .bss.task_handles
                0x0000cd68        0x8 src/main.o
 .bss.power_on_reset
                0x0000cd70        0x1 src/main.o
 .bss.seppuku.16430
                0x0000cd71        0x1 src/main.o
 *fill*         0x0000cd72        0x2 
 .bss.task_check_alive
                0x0000cd74        0x8 src/main.o
 .bss.por_timer.16431
                0x0000cd7c        0x1 src/main.o
 *fill*         0x0000cd7d        0x3 
 .bss._int_line_handler_table_0
                0x0000cd80        0x4 src/ASF/avr32/drivers/intc/intc.o
 .bss._int_line_handler_table_1
                0x0000cd84        0x8 src/ASF/avr32/drivers/intc/intc.o
 .bss._int_line_handler_table_2
                0x0000cd8c        0x4 src/ASF/avr32/drivers/intc/intc.o
 .bss._int_line_handler_table_3
                0x0000cd90       0x10 src/ASF/avr32/drivers/intc/intc.o
 .bss._int_line_handler_table_4
                0x0000cda0       0x10 src/ASF/avr32/drivers/intc/intc.o
 .bss._int_line_handler_table_5
                0x0000cdb0       0x10 src/ASF/avr32/drivers/intc/intc.o
 .bss._int_line_handler_table_6
                0x0000cdc0       0x10 src/ASF/avr32/drivers/intc/intc.o
 .bss._int_line_handler_table_7
                0x0000cdd0        0x4 src/ASF/avr32/drivers/intc/intc.o
 .bss._int_line_handler_table_8
                0x0000cdd4        0x4 src/ASF/avr32/drivers/intc/intc.o
 .bss._int_line_handler_table_9
                0x0000cdd8       0x28 src/ASF/avr32/drivers/intc/intc.o
 .bss._int_line_handler_table_10
                0x0000ce00        0x4 src/ASF/avr32/drivers/intc/intc.o
 .bss._int_line_handler_table_11
                0x0000ce04        0x4 src/ASF/avr32/drivers/intc/intc.o
 .bss._int_line_handler_table_12
                0x0000ce08        0x4 src/ASF/avr32/drivers/intc/intc.o
 .bss._int_line_handler_table_13
                0x0000ce0c        0x4 src/ASF/avr32/drivers/intc/intc.o
 .bss._int_line_handler_table_14
                0x0000ce10       0x14 src/ASF/avr32/drivers/intc/intc.o
 .bss._int_line_handler_table_15
                0x0000ce24       0x10 src/ASF/avr32/drivers/intc/intc.o
 .bss._int_line_handler_table_16
                0x0000ce34       0x10 src/ASF/avr32/drivers/intc/intc.o
 .bss._int_line_handler_table_17
                0x0000ce44        0x4 src/ASF/avr32/drivers/intc/intc.o
 .bss._int_line_handler_table_18
                0x0000ce48       0x40 src/ASF/avr32/drivers/intc/intc.o
 .bss._int_line_handler_table_19
                0x0000ce88        0x4 src/ASF/avr32/drivers/intc/intc.o
 .bss._int_line_handler_table_33
                0x0000ce8c        0xc src/ASF/avr32/drivers/intc/intc.o
 .bss._int_line_handler_table_34
                0x0000ce98        0xc src/ASF/avr32/drivers/intc/intc.o
 .bss._int_line_handler_table_35
                0x0000cea4        0x8 src/ASF/avr32/drivers/intc/intc.o
 .bss._int_line_handler_table_36
                0x0000ceac       0x18 src/ASF/avr32/drivers/intc/intc.o
 .bss._int_line_handler_table_37
                0x0000cec4        0x4 src/ASF/avr32/drivers/intc/intc.o
 .bss._int_line_handler_table_38
                0x0000cec8        0x4 src/ASF/avr32/drivers/intc/intc.o
 .bss._int_line_handler_table_39
                0x0000cecc       0x18 src/ASF/avr32/drivers/intc/intc.o
 .bss._int_line_handler_table_40
                0x0000cee4       0x18 src/ASF/avr32/drivers/intc/intc.o
 .bss._int_line_handler_table_29
                0x0000cefc        0x4 src/ASF/avr32/drivers/intc/intc.o
 .bss._int_line_handler_table_30
                0x0000cf00        0x4 src/ASF/avr32/drivers/intc/intc.o
 .bss._int_line_handler_table_31
                0x0000cf04        0x4 src/ASF/avr32/drivers/intc/intc.o
 .bss._int_line_handler_table_41
                0x0000cf08        0x4 src/ASF/avr32/drivers/intc/intc.o
 .bss._int_line_handler_table_32
                0x0000cf0c        0x4 src/ASF/avr32/drivers/intc/intc.o
 .bss._int_line_handler_table_45
                0x0000cf10        0x4 src/ASF/avr32/drivers/intc/intc.o
 .bss._int_line_handler_table_20
                0x0000cf14        0x4 src/ASF/avr32/drivers/intc/intc.o
 .bss._int_line_handler_table_21
                0x0000cf18        0x4 src/ASF/avr32/drivers/intc/intc.o
 .bss._int_line_handler_table_22
                0x0000cf1c        0x4 src/ASF/avr32/drivers/intc/intc.o
 .bss._int_line_handler_table_23
                0x0000cf20        0x4 src/ASF/avr32/drivers/intc/intc.o
 .bss._int_line_handler_table_24
                0x0000cf24        0x4 src/ASF/avr32/drivers/intc/intc.o
 .bss._int_line_handler_table_25
                0x0000cf28        0x4 src/ASF/avr32/drivers/intc/intc.o
 .bss._int_line_handler_table_26
                0x0000cf2c        0x4 src/ASF/avr32/drivers/intc/intc.o
 .bss._int_line_handler_table_27
                0x0000cf30        0x4 src/ASF/avr32/drivers/intc/intc.o
 .bss._int_line_handler_table_28
                0x0000cf34        0x4 src/ASF/avr32/drivers/intc/intc.o
 .bss._int_line_handler_table_42
                0x0000cf38        0x4 src/ASF/avr32/drivers/intc/intc.o
 .bss._int_line_handler_table_43
                0x0000cf3c        0x4 src/ASF/avr32/drivers/intc/intc.o
 .bss._int_line_handler_table_44
                0x0000cf40        0x4 src/ASF/avr32/drivers/intc/intc.o
 .bss._int_line_handler_table_46
                0x0000cf44        0x4 src/ASF/avr32/drivers/intc/intc.o
 *(COMMON)
 COMMON         0x0000cf48        0x4 src/ASF/avr32/drivers/spi/spi.o
                0x0000cf48                xSPIMutex
 COMMON         0x0000cf4c       0x40 src/ECU_CAN/ecu_can_messages.o
                0x0000cf4c                queue_bms_rx
                0x0000cf50                queue_from_inverter
                0x0000cf54                queue_traction_control
                0x0000cf58                queue_trq_sens0
                0x0000cf5c                queue_to_inverter
                0x0000cf60                queue_brake_rear
                0x0000cf64                queue_wheel_rr
                0x0000cf68                queue_wheel_fr
                0x0000cf6c                queue_trq_sens1_err
                0x0000cf70                queue_wheel_fl
                0x0000cf74                queue_dash_msg
                0x0000cf78                queue_bspd
                0x0000cf7c                queue_wheel_rl
                0x0000cf80                queue_trq_sens1
                0x0000cf84                queue_trq_sens0_err
                0x0000cf88                queue_brake_front
 COMMON         0x0000cf8c       0x95 src/main.o
                0x0000cf8c                ecu_data
                0x0000d020                mcp2515_spiModule
                0x0000d028                . = ALIGN (0x8)
 *fill*         0x0000d021        0x7 
                0x0000d028                . = ALIGN (0x8)
                0x0000d028                _end = .
                0x0000d028                PROVIDE (end, .)
                0x0000d028                __heap_start__ = ALIGN (0x8)
                0x0000f000                . = ((ORIGIN (CPUSRAM) + 0xfffc) - _stack_size)
                0x0000f000                __heap_end__ = .

.stab
 *(.stab)

.stabstr
 *(.stabstr)

.stab.excl
 *(.stab.excl)

.stab.exclstr
 *(.stab.exclstr)

.stab.index
 *(.stab.index)

.stab.indexstr
 *(.stab.indexstr)

.comment        0x00000000       0x30
 *(.comment)
 .comment       0x00000000       0x30 src/ASF/avr32/drivers/spi/spi.o
                                 0x31 (size before relaxing)
 .comment       0x00000000       0x31 src/ASF/avr32/drivers/wdt/wdt4.o
 .comment       0x00000000       0x31 src/ASF/common/services/spi/uc3_spi/spi_master.o
 .comment       0x00000000       0x31 src/ECU_CAN/ecu_can_messages.o
 .comment       0x00000000       0x31 src/ECU_CAN/ecu_can_mob.o
 .comment       0x00000000       0x31 src/freertos/portable/heap_1.o
 .comment       0x00000000       0x31 src/freertos/queue.o
 .comment       0x00000000       0x31 src/mcp2515/mcp2515.o
 .comment       0x00000000       0x31 src/statemachine/fsm_ecu.o
 .comment       0x00000000       0x31 src/statemachine/fsm_ecu_functions.o
 .comment       0x00000000       0x31 src/statemachine/fsm_control.o
 .comment       0x00000000       0x31 src/ASF/avr32/drivers/canif/canif.o
 .comment       0x00000000       0x31 src/ASF/avr32/drivers/scif/scif_uc3c.o
 .comment       0x00000000       0x31 src/ASF/avr32/services/network/can/can.o
 .comment       0x00000000       0x31 src/ECU_CAN/ecu_can.o
 .comment       0x00000000       0x31 src/freertos/list.o
 .comment       0x00000000       0x31 src/freertos/portable/port.o
 .comment       0x00000000       0x31 src/freertos/tasks.o
 .comment       0x00000000       0x31 src/main.o
 .comment       0x00000000       0x31 src/ASF/avr32/drivers/flashc/flashc.o
 .comment       0x00000000       0x31 src/ASF/avr32/drivers/gpio/gpio.o
 .comment       0x00000000       0x31 src/ASF/avr32/drivers/intc/intc.o
 .comment       0x00000000       0x31 src/ASF/common/services/clock/uc3c/osc.o
 .comment       0x00000000       0x31 src/ASF/common/services/clock/uc3c/pll.o
 .comment       0x00000000       0x31 src/ASF/common/services/clock/uc3c/sysclk.o
 .comment       0x00000000       0x31 src/ASF/common/boards/user_board/init.o
 .comment       0x00000000       0x31 c:/program files (x86)/atmel/atmel toolchain/avr32 gcc/native/3.4.2.1002/avr32-gnu-toolchain/bin/../lib/gcc/avr32/4.4.7/ucr3fp\libgcc.a(_udivdi3.o)
 .comment       0x00000000       0x31 c:/program files (x86)/atmel/atmel toolchain/avr32 gcc/native/3.4.2.1002/avr32-gnu-toolchain/bin/../lib/gcc/avr32/4.4.7/../../../../avr32/lib/ucr3fp\libc.a(lib_a-memset.o)

.debug
 *(.debug)

.line
 *(.line)

.debug_srcinfo
 *(.debug_srcinfo)

.debug_sfnames
 *(.debug_sfnames)

.debug_aranges  0x00000000      0xe70
 *(.debug_aranges)
 .debug_aranges
                0x00000000       0xa8 src/ASF/avr32/drivers/spi/spi.o
 .debug_aranges
                0x000000a8       0x58 src/ASF/avr32/drivers/wdt/wdt4.o
 .debug_aranges
                0x00000100       0x30 src/ASF/common/services/spi/uc3_spi/spi_master.o
 .debug_aranges
                0x00000130       0xc8 src/ECU_CAN/ecu_can_messages.o
 .debug_aranges
                0x000001f8       0x38 src/freertos/portable/heap_1.o
 .debug_aranges
                0x00000230       0x98 src/freertos/queue.o
 .debug_aranges
                0x000002c8       0xa0 src/mcp2515/mcp2515.o
 .debug_aranges
                0x00000368       0x70 src/statemachine/fsm_ecu.o
 .debug_aranges
                0x000003d8       0xc0 src/statemachine/fsm_ecu_functions.o
 .debug_aranges
                0x00000498       0x38 src/statemachine/fsm_control.o
 .debug_aranges
                0x000004d0       0x38 src/ASF/avr32/drivers/canif/canif.o
 .debug_aranges
                0x00000508      0x168 src/ASF/avr32/drivers/scif/scif_uc3c.o
 .debug_aranges
                0x00000670       0xc0 src/ASF/avr32/services/network/can/can.o
 .debug_aranges
                0x00000730       0x30 src/ECU_CAN/ecu_can.o
 .debug_aranges
                0x00000760       0x40 src/freertos/list.o
 .debug_aranges
                0x000007a0       0x20 src/freertos/portable/exception.o
 .debug_aranges
                0x000007c0       0x78 src/freertos/portable/port.o
 .debug_aranges
                0x00000838       0xf0 src/freertos/tasks.o
 .debug_aranges
                0x00000928       0x48 src/main.o
 .debug_aranges
                0x00000970      0x220 src/ASF/avr32/drivers/flashc/flashc.o
 .debug_aranges
                0x00000b90      0x120 src/ASF/avr32/drivers/gpio/gpio.o
 .debug_aranges
                0x00000cb0       0x38 src/ASF/avr32/drivers/intc/intc.o
 .debug_aranges
                0x00000ce8       0x28 src/ASF/avr32/utils/startup/startup_uc3.o
 .debug_aranges
                0x00000d10       0x20 src/ASF/avr32/utils/startup/trampoline_uc3.o
 .debug_aranges
                0x00000d30       0x58 src/ASF/common/services/clock/uc3c/osc.o
 .debug_aranges
                0x00000d88       0x30 src/ASF/common/services/clock/uc3c/pll.o
 .debug_aranges
                0x00000db8       0x58 src/ASF/common/services/clock/uc3c/sysclk.o
 .debug_aranges
                0x00000e10       0x20 src/ASF/common/boards/user_board/init.o
 .debug_aranges
                0x00000e30       0x20 c:/program files (x86)/atmel/atmel toolchain/avr32 gcc/native/3.4.2.1002/avr32-gnu-toolchain/bin/../lib/gcc/avr32/4.4.7/ucr3fp\libgcc.a(_udivdi3.o)
 .debug_aranges
                0x00000e50       0x20 c:/program files (x86)/atmel/atmel toolchain/avr32 gcc/native/3.4.2.1002/avr32-gnu-toolchain/bin/../lib/gcc/avr32/4.4.7/../../../../avr32/lib/ucr3fp\libc.a(lib_a-memset.o)

.debug_pubnames
                0x00000000     0x2f25
 *(.debug_pubnames)
 .debug_pubnames
                0x00000000      0x186 src/ASF/avr32/drivers/spi/spi.o
 .debug_pubnames
                0x00000186       0x9e src/ASF/avr32/drivers/wdt/wdt4.o
 .debug_pubnames
                0x00000224       0x57 src/ASF/common/services/spi/uc3_spi/spi_master.o
 .debug_pubnames
                0x0000027b      0x3e2 src/ECU_CAN/ecu_can_messages.o
 .debug_pubnames
                0x0000065d      0x2f6 src/ECU_CAN/ecu_can_mob.o
 .debug_pubnames
                0x00000953       0x64 src/freertos/portable/heap_1.o
 .debug_pubnames
                0x000009b7      0x160 src/freertos/queue.o
 .debug_pubnames
                0x00000b17      0x1a1 src/mcp2515/mcp2515.o
 .debug_pubnames
                0x00000cb8      0x2d4 src/statemachine/fsm_ecu.o
 .debug_pubnames
                0x00000f8c      0x347 src/statemachine/fsm_ecu_functions.o
 .debug_pubnames
                0x000012d3      0x1a9 src/statemachine/fsm_control.o
 .debug_pubnames
                0x0000147c       0x73 src/ASF/avr32/drivers/canif/canif.o
 .debug_pubnames
                0x000014ef      0x3f6 src/ASF/avr32/drivers/scif/scif_uc3c.o
 .debug_pubnames
                0x000018e5      0x10d src/ASF/avr32/services/network/can/can.o
 .debug_pubnames
                0x000019f2      0x1ca src/ECU_CAN/ecu_can.o
 .debug_pubnames
                0x00001bbc       0x71 src/freertos/list.o
 .debug_pubnames
                0x00001c2d       0xf6 src/freertos/portable/port.o
 .debug_pubnames
                0x00001d23      0x253 src/freertos/tasks.o
 .debug_pubnames
                0x00001f76      0x1c2 src/main.o
 .debug_pubnames
                0x00002138      0x79d src/ASF/avr32/drivers/flashc/flashc.o
 .debug_pubnames
                0x000028d5      0x3aa src/ASF/avr32/drivers/gpio/gpio.o
 .debug_pubnames
                0x00002c7f       0x62 src/ASF/avr32/drivers/intc/intc.o
 .debug_pubnames
                0x00002ce1       0xe4 src/ASF/common/services/clock/uc3c/osc.o
 .debug_pubnames
                0x00002dc5       0x46 src/ASF/common/services/clock/uc3c/pll.o
 .debug_pubnames
                0x00002e0b       0xbc src/ASF/common/services/clock/uc3c/sysclk.o
 .debug_pubnames
                0x00002ec7       0x21 src/ASF/common/boards/user_board/init.o
 .debug_pubnames
                0x00002ee8       0x20 c:/program files (x86)/atmel/atmel toolchain/avr32 gcc/native/3.4.2.1002/avr32-gnu-toolchain/bin/../lib/gcc/avr32/4.4.7/ucr3fp\libgcc.a(_udivdi3.o)
 .debug_pubnames
                0x00002f08       0x1d c:/program files (x86)/atmel/atmel toolchain/avr32 gcc/native/3.4.2.1002/avr32-gnu-toolchain/bin/../lib/gcc/avr32/4.4.7/../../../../avr32/lib/ucr3fp\libc.a(lib_a-memset.o)

.debug_info     0x00000000    0x18be5
 *(.debug_info .gnu.linkonce.wi.*)
 .debug_info    0x00000000     0x133f src/ASF/avr32/drivers/spi/spi.o
 .debug_info    0x0000133f      0x419 src/ASF/avr32/drivers/wdt/wdt4.o
 .debug_info    0x00001758     0x13f9 src/ASF/common/services/spi/uc3_spi/spi_master.o
 .debug_info    0x00002b51      0x82c src/ECU_CAN/ecu_can_messages.o
 .debug_info    0x0000337d      0x5c1 src/ECU_CAN/ecu_can_mob.o
 .debug_info    0x0000393e      0x174 src/freertos/portable/heap_1.o
 .debug_info    0x00003ab2      0x91b src/freertos/queue.o
 .debug_info    0x000043cd     0x1eee src/mcp2515/mcp2515.o
 .debug_info    0x000062bb      0xbd2 src/statemachine/fsm_ecu.o
 .debug_info    0x00006e8d      0xfc2 src/statemachine/fsm_ecu_functions.o
 .debug_info    0x00007e4f      0x9ab src/statemachine/fsm_control.o
 .debug_info    0x000087fa      0xece src/ASF/avr32/drivers/canif/canif.o
 .debug_info    0x000096c8     0x1caa src/ASF/avr32/drivers/scif/scif_uc3c.o
 .debug_info    0x0000b372     0x147f src/ASF/avr32/services/network/can/can.o
 .debug_info    0x0000c7f1      0x76c src/ECU_CAN/ecu_can.o
 .debug_info    0x0000cf5d      0x2b9 src/freertos/list.o
 .debug_info    0x0000d216       0xb0 src/freertos/portable/exception.o
 .debug_info    0x0000d2c6      0xac4 src/freertos/portable/port.o
 .debug_info    0x0000dd8a      0xd42 src/freertos/tasks.o
 .debug_info    0x0000eacc     0x16a5 src/main.o
 .debug_info    0x00010171     0x1cfb src/ASF/avr32/drivers/flashc/flashc.o
 .debug_info    0x00011e6c      0xf50 src/ASF/avr32/drivers/gpio/gpio.o
 .debug_info    0x00012dbc      0x836 src/ASF/avr32/drivers/intc/intc.o
 .debug_info    0x000135f2       0xb4 src/ASF/avr32/utils/startup/startup_uc3.o
 .debug_info    0x000136a6       0xbb src/ASF/avr32/utils/startup/trampoline_uc3.o
 .debug_info    0x00013761     0x1488 src/ASF/common/services/clock/uc3c/osc.o
 .debug_info    0x00014be9     0x1305 src/ASF/common/services/clock/uc3c/pll.o
 .debug_info    0x00015eee     0x2607 src/ASF/common/services/clock/uc3c/sysclk.o
 .debug_info    0x000184f5       0xa8 src/ASF/common/boards/user_board/init.o
 .debug_info    0x0001859d      0x57b c:/program files (x86)/atmel/atmel toolchain/avr32 gcc/native/3.4.2.1002/avr32-gnu-toolchain/bin/../lib/gcc/avr32/4.4.7/ucr3fp\libgcc.a(_udivdi3.o)
 .debug_info    0x00018b18       0xcd c:/program files (x86)/atmel/atmel toolchain/avr32 gcc/native/3.4.2.1002/avr32-gnu-toolchain/bin/../lib/gcc/avr32/4.4.7/../../../../avr32/lib/ucr3fp\libc.a(lib_a-memset.o)

.debug_abbrev   0x00000000     0x39fb
 *(.debug_abbrev)
 .debug_abbrev  0x00000000      0x282 src/ASF/avr32/drivers/spi/spi.o
 .debug_abbrev  0x00000282      0x1a0 src/ASF/avr32/drivers/wdt/wdt4.o
 .debug_abbrev  0x00000422      0x27c src/ASF/common/services/spi/uc3_spi/spi_master.o
 .debug_abbrev  0x0000069e      0x204 src/ECU_CAN/ecu_can_messages.o
 .debug_abbrev  0x000008a2      0x125 src/ECU_CAN/ecu_can_mob.o
 .debug_abbrev  0x000009c7       0xfe src/freertos/portable/heap_1.o
 .debug_abbrev  0x00000ac5      0x1e3 src/freertos/queue.o
 .debug_abbrev  0x00000ca8      0x314 src/mcp2515/mcp2515.o
 .debug_abbrev  0x00000fbc      0x214 src/statemachine/fsm_ecu.o
 .debug_abbrev  0x000011d0      0x309 src/statemachine/fsm_ecu_functions.o
 .debug_abbrev  0x000014d9      0x19d src/statemachine/fsm_control.o
 .debug_abbrev  0x00001676      0x1d9 src/ASF/avr32/drivers/canif/canif.o
 .debug_abbrev  0x0000184f      0x30c src/ASF/avr32/drivers/scif/scif_uc3c.o
 .debug_abbrev  0x00001b5b      0x38c src/ASF/avr32/services/network/can/can.o
 .debug_abbrev  0x00001ee7      0x1b9 src/ECU_CAN/ecu_can.o
 .debug_abbrev  0x000020a0       0xdb src/freertos/list.o
 .debug_abbrev  0x0000217b       0x14 src/freertos/portable/exception.o
 .debug_abbrev  0x0000218f      0x2aa src/freertos/portable/port.o
 .debug_abbrev  0x00002439      0x269 src/freertos/tasks.o
 .debug_abbrev  0x000026a2      0x274 src/main.o
 .debug_abbrev  0x00002916      0x326 src/ASF/avr32/drivers/flashc/flashc.o
 .debug_abbrev  0x00002c3c      0x2f4 src/ASF/avr32/drivers/gpio/gpio.o
 .debug_abbrev  0x00002f30      0x1f2 src/ASF/avr32/drivers/intc/intc.o
 .debug_abbrev  0x00003122       0x12 src/ASF/avr32/utils/startup/startup_uc3.o
 .debug_abbrev  0x00003134       0x14 src/ASF/avr32/utils/startup/trampoline_uc3.o
 .debug_abbrev  0x00003148      0x1b9 src/ASF/common/services/clock/uc3c/osc.o
 .debug_abbrev  0x00003301      0x1e0 src/ASF/common/services/clock/uc3c/pll.o
 .debug_abbrev  0x000034e1      0x2ef src/ASF/common/services/clock/uc3c/sysclk.o
 .debug_abbrev  0x000037d0       0x4c src/ASF/common/boards/user_board/init.o
 .debug_abbrev  0x0000381c      0x15a c:/program files (x86)/atmel/atmel toolchain/avr32 gcc/native/3.4.2.1002/avr32-gnu-toolchain/bin/../lib/gcc/avr32/4.4.7/ucr3fp\libgcc.a(_udivdi3.o)
 .debug_abbrev  0x00003976       0x85 c:/program files (x86)/atmel/atmel toolchain/avr32 gcc/native/3.4.2.1002/avr32-gnu-toolchain/bin/../lib/gcc/avr32/4.4.7/../../../../avr32/lib/ucr3fp\libc.a(lib_a-memset.o)

.debug_line     0x00000000    0x11fdf
 *(.debug_line)
 .debug_line    0x00000000      0x9e6 src/ASF/avr32/drivers/spi/spi.o
 .debug_line    0x000009e6      0x87c src/ASF/avr32/drivers/wdt/wdt4.o
 .debug_line    0x00001262      0xa58 src/ASF/common/services/spi/uc3_spi/spi_master.o
 .debug_line    0x00001cba      0xd77 src/ECU_CAN/ecu_can_messages.o
 .debug_line    0x00002a31      0xb56 src/ECU_CAN/ecu_can_mob.o
 .debug_line    0x00003587      0x87f src/freertos/portable/heap_1.o
 .debug_line    0x00003e06      0xa70 src/freertos/queue.o
 .debug_line    0x00004876      0xdc0 src/mcp2515/mcp2515.o
 .debug_line    0x00005636      0xdb7 src/statemachine/fsm_ecu.o
 .debug_line    0x000063ed      0xdff src/statemachine/fsm_ecu_functions.o
 .debug_line    0x000071ec      0xc50 src/statemachine/fsm_control.o
 .debug_line    0x00007e3c      0x7af src/ASF/avr32/drivers/canif/canif.o
 .debug_line    0x000085eb      0xad2 src/ASF/avr32/drivers/scif/scif_uc3c.o
 .debug_line    0x000090bd      0xb2e src/ASF/avr32/services/network/can/can.o
 .debug_line    0x00009beb      0xc6b src/ECU_CAN/ecu_can.o
 .debug_line    0x0000a856      0x8aa src/freertos/list.o
 .debug_line    0x0000b100       0xda src/freertos/portable/exception.o
 .debug_line    0x0000b1da      0x97d src/freertos/portable/port.o
 .debug_line    0x0000bb57      0xbda src/freertos/tasks.o
 .debug_line    0x0000c731      0xdc4 src/main.o
 .debug_line    0x0000d4f5      0xce9 src/ASF/avr32/drivers/flashc/flashc.o
 .debug_line    0x0000e1de      0xa2c src/ASF/avr32/drivers/gpio/gpio.o
 .debug_line    0x0000ec0a      0x783 src/ASF/avr32/drivers/intc/intc.o
 .debug_line    0x0000f38d       0xf2 src/ASF/avr32/utils/startup/startup_uc3.o
 .debug_line    0x0000f47f       0x67 src/ASF/avr32/utils/startup/trampoline_uc3.o
 .debug_line    0x0000f4e6      0x952 src/ASF/common/services/clock/uc3c/osc.o
 .debug_line    0x0000fe38      0x886 src/ASF/common/services/clock/uc3c/pll.o
 .debug_line    0x000106be      0x9f1 src/ASF/common/services/clock/uc3c/sysclk.o
 .debug_line    0x000110af      0xba6 src/ASF/common/boards/user_board/init.o
 .debug_line    0x00011c55      0x1d1 c:/program files (x86)/atmel/atmel toolchain/avr32 gcc/native/3.4.2.1002/avr32-gnu-toolchain/bin/../lib/gcc/avr32/4.4.7/ucr3fp\libgcc.a(_udivdi3.o)
 .debug_line    0x00011e26      0x1b9 c:/program files (x86)/atmel/atmel toolchain/avr32 gcc/native/3.4.2.1002/avr32-gnu-toolchain/bin/../lib/gcc/avr32/4.4.7/../../../../avr32/lib/ucr3fp\libc.a(lib_a-memset.o)

.debug_frame    0x00000000     0x2458
 *(.debug_frame)
 .debug_frame   0x00000000      0x188 src/ASF/avr32/drivers/spi/spi.o
 .debug_frame   0x00000188       0xe4 src/ASF/avr32/drivers/wdt/wdt4.o
 .debug_frame   0x0000026c       0x64 src/ASF/common/services/spi/uc3_spi/spi_master.o
 .debug_frame   0x000002d0      0x25c src/ECU_CAN/ecu_can_messages.o
 .debug_frame   0x0000052c       0x5c src/freertos/portable/heap_1.o
 .debug_frame   0x00000588      0x1dc src/freertos/queue.o
 .debug_frame   0x00000764      0x230 src/mcp2515/mcp2515.o
 .debug_frame   0x00000994      0x13c src/statemachine/fsm_ecu.o
 .debug_frame   0x00000ad0      0x1f0 src/statemachine/fsm_ecu_functions.o
 .debug_frame   0x00000cc0       0x90 src/statemachine/fsm_control.o
 .debug_frame   0x00000d50       0x68 src/ASF/avr32/drivers/canif/canif.o
 .debug_frame   0x00000db8      0x308 src/ASF/avr32/drivers/scif/scif_uc3c.o
 .debug_frame   0x000010c0      0x1f4 src/ASF/avr32/services/network/can/can.o
 .debug_frame   0x000012b4       0x90 src/ECU_CAN/ecu_can.o
 .debug_frame   0x00001344       0x60 src/freertos/list.o
 .debug_frame   0x000013a4       0xfc src/freertos/portable/port.o
 .debug_frame   0x000014a0      0x300 src/freertos/tasks.o
 .debug_frame   0x000017a0      0x128 src/main.o
 .debug_frame   0x000018c8      0x6c0 src/ASF/avr32/drivers/flashc/flashc.o
 .debug_frame   0x00001f88      0x244 src/ASF/avr32/drivers/gpio/gpio.o
 .debug_frame   0x000021cc       0x64 src/ASF/avr32/drivers/intc/intc.o
 .debug_frame   0x00002230       0x90 src/ASF/common/services/clock/uc3c/osc.o
 .debug_frame   0x000022c0       0x40 src/ASF/common/services/clock/uc3c/pll.o
 .debug_frame   0x00002300       0xcc src/ASF/common/services/clock/uc3c/sysclk.o
 .debug_frame   0x000023cc       0x28 src/ASF/common/boards/user_board/init.o
 .debug_frame   0x000023f4       0x44 c:/program files (x86)/atmel/atmel toolchain/avr32 gcc/native/3.4.2.1002/avr32-gnu-toolchain/bin/../lib/gcc/avr32/4.4.7/ucr3fp\libgcc.a(_udivdi3.o)
 .debug_frame   0x00002438       0x20 c:/program files (x86)/atmel/atmel toolchain/avr32 gcc/native/3.4.2.1002/avr32-gnu-toolchain/bin/../lib/gcc/avr32/4.4.7/../../../../avr32/lib/ucr3fp\libc.a(lib_a-memset.o)

.debug_str      0x00000000     0x62a3
 *(.debug_str)
 .debug_str     0x00000000      0x610 src/ASF/avr32/drivers/spi/spi.o
                                0x696 (size before relaxing)
 .debug_str     0x00000610      0x116 src/ASF/avr32/drivers/wdt/wdt4.o
                                0x267 (size before relaxing)
 .debug_str     0x00000726      0x364 src/ASF/common/services/spi/uc3_spi/spi_master.o
                                0x786 (size before relaxing)
 .debug_str     0x00000a8a      0x4a7 src/ECU_CAN/ecu_can_messages.o
                                0x61d (size before relaxing)
 .debug_str     0x00000f31      0x21b src/ECU_CAN/ecu_can_mob.o
                                0x424 (size before relaxing)
 .debug_str     0x0000114c       0x9d src/freertos/portable/heap_1.o
                                0x1a1 (size before relaxing)
 .debug_str     0x000011e9      0x3e0 src/freertos/queue.o
                                0x526 (size before relaxing)
 .debug_str     0x000015c9      0x8b2 src/mcp2515/mcp2515.o
                                0xe01 (size before relaxing)
 .debug_str     0x00001e7b      0x23a src/statemachine/fsm_ecu.o
                                0x924 (size before relaxing)
 .debug_str     0x000020b5      0x2fe src/statemachine/fsm_ecu_functions.o
                                0xa8f (size before relaxing)
 .debug_str     0x000023b3       0xa7 src/statemachine/fsm_control.o
                                0x7be (size before relaxing)
 .debug_str     0x0000245a      0x447 src/ASF/avr32/drivers/canif/canif.o
                                0x5a4 (size before relaxing)
 .debug_str     0x000028a1      0xa90 src/ASF/avr32/drivers/scif/scif_uc3c.o
                                0xc6b (size before relaxing)
 .debug_str     0x00003331      0x241 src/ASF/avr32/services/network/can/can.o
                                0x889 (size before relaxing)
 .debug_str     0x00003572       0x85 src/ECU_CAN/ecu_can.o
                                0x5a6 (size before relaxing)
 .debug_str     0x000035f7       0xaa src/freertos/list.o
                                0x245 (size before relaxing)
 .debug_str     0x000036a1      0x4a8 src/freertos/portable/port.o
                                0x607 (size before relaxing)
 .debug_str     0x00003b49      0x606 src/freertos/tasks.o
                                0x845 (size before relaxing)
 .debug_str     0x0000414f      0x46e src/main.o
                                0xc2f (size before relaxing)
 .debug_str     0x000045bd      0xa98 src/ASF/avr32/drivers/flashc/flashc.o
                                0xcb7 (size before relaxing)
 .debug_str     0x00005055      0x579 src/ASF/avr32/drivers/gpio/gpio.o
                                0x6fe (size before relaxing)
 .debug_str     0x000055ce      0x656 src/ASF/avr32/drivers/intc/intc.o
                                0x77e (size before relaxing)
 .debug_str     0x00005c24       0xfb src/ASF/common/services/clock/uc3c/osc.o
                                0x6a3 (size before relaxing)
 .debug_str     0x00005d1f       0x4f src/ASF/common/services/clock/uc3c/pll.o
                                0x61a (size before relaxing)
 .debug_str     0x00005d6e      0x348 src/ASF/common/services/clock/uc3c/sysclk.o
                                0xcc6 (size before relaxing)
 .debug_str     0x000060b6       0x36 src/ASF/common/boards/user_board/init.o
                                0x133 (size before relaxing)
 .debug_str     0x000060ec      0x146 c:/program files (x86)/atmel/atmel toolchain/avr32 gcc/native/3.4.2.1002/avr32-gnu-toolchain/bin/../lib/gcc/avr32/4.4.7/ucr3fp\libgcc.a(_udivdi3.o)
                                0x1fb (size before relaxing)
 .debug_str     0x00006232       0x71 c:/program files (x86)/atmel/atmel toolchain/avr32 gcc/native/3.4.2.1002/avr32-gnu-toolchain/bin/../lib/gcc/avr32/4.4.7/../../../../avr32/lib/ucr3fp\libc.a(lib_a-memset.o)
                                0x10d (size before relaxing)

.debug_loc      0x00000000     0x6273
 *(.debug_loc)
 .debug_loc     0x00000000      0x42a src/ASF/avr32/drivers/spi/spi.o
 .debug_loc     0x0000042a      0x16a src/ASF/avr32/drivers/wdt/wdt4.o
 .debug_loc     0x00000594      0x215 src/ASF/common/services/spi/uc3_spi/spi_master.o
 .debug_loc     0x000007a9      0x3f2 src/ECU_CAN/ecu_can_messages.o
 .debug_loc     0x00000b9b       0x5b src/freertos/portable/heap_1.o
 .debug_loc     0x00000bf6      0x765 src/freertos/queue.o
 .debug_loc     0x0000135b      0x7c3 src/mcp2515/mcp2515.o
 .debug_loc     0x00001b1e      0x5c7 src/statemachine/fsm_ecu.o
 .debug_loc     0x000020e5      0x630 src/statemachine/fsm_ecu_functions.o
 .debug_loc     0x00002715      0x1ff src/statemachine/fsm_control.o
 .debug_loc     0x00002914       0xf9 src/ASF/avr32/drivers/canif/canif.o
 .debug_loc     0x00002a0d      0x4b4 src/ASF/avr32/drivers/scif/scif_uc3c.o
 .debug_loc     0x00002ec1      0x5a0 src/ASF/avr32/services/network/can/can.o
 .debug_loc     0x00003461      0x1df src/ECU_CAN/ecu_can.o
 .debug_loc     0x00003640       0x31 src/freertos/list.o
 .debug_loc     0x00003671      0x110 src/freertos/portable/port.o
 .debug_loc     0x00003781      0x8be src/freertos/tasks.o
 .debug_loc     0x0000403f      0x233 src/main.o
 .debug_loc     0x00004272     0x1137 src/ASF/avr32/drivers/flashc/flashc.o
 .debug_loc     0x000053a9      0x3b4 src/ASF/avr32/drivers/gpio/gpio.o
 .debug_loc     0x0000575d       0xd3 src/ASF/avr32/drivers/intc/intc.o
 .debug_loc     0x00005830       0x1e src/ASF/common/services/clock/uc3c/osc.o
 .debug_loc     0x0000584e       0x39 src/ASF/common/services/clock/uc3c/pll.o
 .debug_loc     0x00005887      0x270 src/ASF/common/services/clock/uc3c/sysclk.o
 .debug_loc     0x00005af7       0x1f src/ASF/common/boards/user_board/init.o
 .debug_loc     0x00005b16      0x75d c:/program files (x86)/atmel/atmel toolchain/avr32 gcc/native/3.4.2.1002/avr32-gnu-toolchain/bin/../lib/gcc/avr32/4.4.7/ucr3fp\libgcc.a(_udivdi3.o)

.debug_macinfo  0x00000000  0x202fb45
 *(.debug_macinfo)
 .debug_macinfo
                0x00000000   0x13ba1f src/ASF/avr32/drivers/spi/spi.o
 .debug_macinfo
                0x0013ba1f   0x137b36 src/ASF/avr32/drivers/wdt/wdt4.o
 .debug_macinfo
                0x00273555   0x13d765 src/ASF/common/services/spi/uc3_spi/spi_master.o
 .debug_macinfo
                0x003b0cba   0x142caf src/ECU_CAN/ecu_can_messages.o
 .debug_macinfo
                0x004f3969   0x142378 src/ECU_CAN/ecu_can_mob.o
 .debug_macinfo
                0x00635ce1   0x13b067 src/freertos/portable/heap_1.o
 .debug_macinfo
                0x00770d48   0x13bdb3 src/freertos/queue.o
 .debug_macinfo
                0x008acafb   0x142ee8 src/mcp2515/mcp2515.o
 .debug_macinfo
                0x009ef9e3   0x14302d src/statemachine/fsm_ecu.o
 .debug_macinfo
                0x00b32a10   0x142fab src/statemachine/fsm_ecu_functions.o
 .debug_macinfo
                0x00c759bb   0x142f3d src/statemachine/fsm_control.o
 .debug_macinfo
                0x00db88f8   0x139d9e src/ASF/avr32/drivers/canif/canif.o
 .debug_macinfo
                0x00ef2696   0x136a4d src/ASF/avr32/drivers/scif/scif_uc3c.o
 .debug_macinfo
                0x010290e3   0x13caa3 src/ASF/avr32/services/network/can/can.o
 .debug_macinfo
                0x01165b86   0x142cab src/ECU_CAN/ecu_can.o
 .debug_macinfo
                0x012a8831   0x13ac7e src/freertos/list.o
 .debug_macinfo
                0x013e34af   0x13b3c9 src/freertos/portable/port.o
 .debug_macinfo
                0x0151e878   0x13c813 src/freertos/tasks.o
 .debug_macinfo
                0x0165b08b   0x143f79 src/main.o
 .debug_macinfo
                0x0179f004   0x136b86 src/ASF/avr32/drivers/flashc/flashc.o
 .debug_macinfo
                0x018d5b8a   0x136b34 src/ASF/avr32/drivers/gpio/gpio.o
 .debug_macinfo
                0x01a0c6be   0x136be1 src/ASF/avr32/drivers/intc/intc.o
 .debug_macinfo
                0x01b4329f   0x1380fe src/ASF/common/services/clock/uc3c/osc.o
 .debug_macinfo
                0x01c7b39d   0x1384b0 src/ASF/common/services/clock/uc3c/pll.o
 .debug_macinfo
                0x01db384d   0x139546 src/ASF/common/services/clock/uc3c/sysclk.o
 .debug_macinfo
                0x01eecd93   0x142db2 src/ASF/common/boards/user_board/init.o

.debug_weaknames
 *(.debug_weaknames)

.debug_funcnames
 *(.debug_funcnames)

.debug_typenames
 *(.debug_typenames)

.debug_varnames
 *(.debug_varnames)

.stack          0x0000f000     0x1000
                0x0000f000                _stack = .
 *(.stack)
                0x00001000                . = _stack_size
 *fill*         0x0000f000     0x1000 
                0x00010000                _estack = .

.userpage
 *(.userpage .userpage.*)

.factorypage
 *(.factorypage .factorypage.*)

.flashvault_flash_size
 *(.flashvault_flash_size .flashvault_flash_size.*)

.flashvault_ram_size
 *(.flashvault_ram_size .flashvault_ram_size.*)

/DISCARD/
 *(.note.GNU-stack)
OUTPUT(ecu_user_board.elf elf32-avr32)

.debug_ranges   0x00000000      0xeb8
 .debug_ranges  0x00000000       0xa0 src/ASF/avr32/drivers/spi/spi.o
 .debug_ranges  0x000000a0       0x50 src/ASF/avr32/drivers/wdt/wdt4.o
 .debug_ranges  0x000000f0       0x58 src/ASF/common/services/spi/uc3_spi/spi_master.o
 .debug_ranges  0x00000148       0xc0 src/ECU_CAN/ecu_can_messages.o
 .debug_ranges  0x00000208       0x30 src/freertos/portable/heap_1.o
 .debug_ranges  0x00000238       0x90 src/freertos/queue.o
 .debug_ranges  0x000002c8       0x98 src/mcp2515/mcp2515.o
 .debug_ranges  0x00000360       0x68 src/statemachine/fsm_ecu.o
 .debug_ranges  0x000003c8       0xb8 src/statemachine/fsm_ecu_functions.o
 .debug_ranges  0x00000480       0x30 src/statemachine/fsm_control.o
 .debug_ranges  0x000004b0       0x30 src/ASF/avr32/drivers/canif/canif.o
 .debug_ranges  0x000004e0      0x160 src/ASF/avr32/drivers/scif/scif_uc3c.o
 .debug_ranges  0x00000640       0xd0 src/ASF/avr32/services/network/can/can.o
 .debug_ranges  0x00000710       0x28 src/ECU_CAN/ecu_can.o
 .debug_ranges  0x00000738       0x38 src/freertos/list.o
 .debug_ranges  0x00000770       0x70 src/freertos/portable/port.o
 .debug_ranges  0x000007e0      0x160 src/freertos/tasks.o
 .debug_ranges  0x00000940       0x70 src/main.o
 .debug_ranges  0x000009b0      0x218 src/ASF/avr32/drivers/flashc/flashc.o
 .debug_ranges  0x00000bc8      0x118 src/ASF/avr32/drivers/gpio/gpio.o
 .debug_ranges  0x00000ce0       0x48 src/ASF/avr32/drivers/intc/intc.o
 .debug_ranges  0x00000d28       0x20 src/ASF/avr32/utils/startup/startup_uc3.o
 .debug_ranges  0x00000d48       0x50 src/ASF/common/services/clock/uc3c/osc.o
 .debug_ranges  0x00000d98       0x28 src/ASF/common/services/clock/uc3c/pll.o
 .debug_ranges  0x00000dc0       0x50 src/ASF/common/services/clock/uc3c/sysclk.o
 .debug_ranges  0x00000e10       0x18 src/ASF/common/boards/user_board/init.o
 .debug_ranges  0x00000e28       0x78 c:/program files (x86)/atmel/atmel toolchain/avr32 gcc/native/3.4.2.1002/avr32-gnu-toolchain/bin/../lib/gcc/avr32/4.4.7/ucr3fp\libgcc.a(_udivdi3.o)
 .debug_ranges  0x00000ea0       0x18 c:/program files (x86)/atmel/atmel toolchain/avr32 gcc/native/3.4.2.1002/avr32-gnu-toolchain/bin/../lib/gcc/avr32/4.4.7/../../../../avr32/lib/ucr3fp\libc.a(lib_a-memset.o)
