Archive member included because of file (symbol)

c:/program files (x86)/atmel/atmel toolchain/avr32 gcc/native/3.4.2.1002/avr32-gnu-toolchain/bin/../lib/gcc/avr32/4.4.7/ucr3fp\libgcc.a(_avr32_f64_mul.o)
                              src/statemachine/fsm_ecu_functions.o (__avr32_f64_mul)
c:/program files (x86)/atmel/atmel toolchain/avr32 gcc/native/3.4.2.1002/avr32-gnu-toolchain/bin/../lib/gcc/avr32/4.4.7/ucr3fp\libgcc.a(_avr32_f64_addsub.o)
                              src/statemachine/fsm_control.o (__avr32_f64_add)
c:/program files (x86)/atmel/atmel toolchain/avr32 gcc/native/3.4.2.1002/avr32-gnu-toolchain/bin/../lib/gcc/avr32/4.4.7/ucr3fp\libgcc.a(_avr32_s32_to_f64.o)
                              src/statemachine/fsm_ecu_functions.o (__avr32_u32_to_f64)
c:/program files (x86)/atmel/atmel toolchain/avr32 gcc/native/3.4.2.1002/avr32-gnu-toolchain/bin/../lib/gcc/avr32/4.4.7/ucr3fp\libgcc.a(_avr32_f64_div.o)
                              src/statemachine/fsm_ecu_functions.o (__avr32_f64_div)
c:/program files (x86)/atmel/atmel toolchain/avr32 gcc/native/3.4.2.1002/avr32-gnu-toolchain/bin/../lib/gcc/avr32/4.4.7/ucr3fp\libgcc.a(_avr32_f32_div.o)
                              src/statemachine/fsm_ecu_functions.o (__avr32_f32_div)
c:/program files (x86)/atmel/atmel toolchain/avr32 gcc/native/3.4.2.1002/avr32-gnu-toolchain/bin/../lib/gcc/avr32/4.4.7/ucr3fp\libgcc.a(_avr32_f32_to_f64.o)
                              src/statemachine/fsm_ecu_functions.o (__avr32_f32_to_f64)
c:/program files (x86)/atmel/atmel toolchain/avr32 gcc/native/3.4.2.1002/avr32-gnu-toolchain/bin/../lib/gcc/avr32/4.4.7/ucr3fp\libgcc.a(_avr32_f64_to_f32.o)
                              src/statemachine/fsm_ecu_functions.o (__avr32_f64_to_f32)
c:/program files (x86)/atmel/atmel toolchain/avr32 gcc/native/3.4.2.1002/avr32-gnu-toolchain/bin/../lib/gcc/avr32/4.4.7/ucr3fp\libgcc.a(_udivdi3.o)
                              src/ASF/avr32/drivers/wdt/wdt4.o (__avr32_udiv64)
c:/program files (x86)/atmel/atmel toolchain/avr32 gcc/native/3.4.2.1002/avr32-gnu-toolchain/bin/../lib/gcc/avr32/4.4.7/../../../../avr32/lib/ucr3fp\libc.a(lib_a-memcpy.o)
                              src/freertos/queue.o (memcpy)
c:/program files (x86)/atmel/atmel toolchain/avr32 gcc/native/3.4.2.1002/avr32-gnu-toolchain/bin/../lib/gcc/avr32/4.4.7/../../../../avr32/lib/ucr3fp\libc.a(lib_a-memset.o)
                              src/ASF/avr32/drivers/wdt/wdt4.o (memset)
c:/program files (x86)/atmel/atmel toolchain/avr32 gcc/native/3.4.2.1002/avr32-gnu-toolchain/bin/../lib/gcc/avr32/4.4.7/../../../../avr32/lib/ucr3fp\libc.a(lib_a-realloc.o)
                              src/freertos/portable/port.o (realloc)
c:/program files (x86)/atmel/atmel toolchain/avr32 gcc/native/3.4.2.1002/avr32-gnu-toolchain/bin/../lib/gcc/avr32/4.4.7/../../../../avr32/lib/ucr3fp\libc.a(lib_a-reallocr.o)
                              c:/program files (x86)/atmel/atmel toolchain/avr32 gcc/native/3.4.2.1002/avr32-gnu-toolchain/bin/../lib/gcc/avr32/4.4.7/../../../../avr32/lib/ucr3fp\libc.a(lib_a-realloc.o) (_realloc_r)
c:/program files (x86)/atmel/atmel toolchain/avr32 gcc/native/3.4.2.1002/avr32-gnu-toolchain/bin/../lib/gcc/avr32/4.4.7/../../../../avr32/lib/ucr3fp\libc.a(lib_a-strncpy.o)
                              src/freertos/tasks.o (strncpy)
c:/program files (x86)/atmel/atmel toolchain/avr32 gcc/native/3.4.2.1002/avr32-gnu-toolchain/bin/../lib/gcc/avr32/4.4.7/../../../../avr32/lib/ucr3fp\libc.a(lib_a-freer.o)
                              c:/program files (x86)/atmel/atmel toolchain/avr32 gcc/native/3.4.2.1002/avr32-gnu-toolchain/bin/../lib/gcc/avr32/4.4.7/../../../../avr32/lib/ucr3fp\libc.a(lib_a-reallocr.o) (_free_r)
c:/program files (x86)/atmel/atmel toolchain/avr32 gcc/native/3.4.2.1002/avr32-gnu-toolchain/bin/../lib/gcc/avr32/4.4.7/../../../../avr32/lib/ucr3fp\libc.a(lib_a-impure.o)
                              c:/program files (x86)/atmel/atmel toolchain/avr32 gcc/native/3.4.2.1002/avr32-gnu-toolchain/bin/../lib/gcc/avr32/4.4.7/../../../../avr32/lib/ucr3fp\libc.a(lib_a-realloc.o) (_impure_ptr)
c:/program files (x86)/atmel/atmel toolchain/avr32 gcc/native/3.4.2.1002/avr32-gnu-toolchain/bin/../lib/gcc/avr32/4.4.7/../../../../avr32/lib/ucr3fp\libc.a(lib_a-mallocr.o)
                              c:/program files (x86)/atmel/atmel toolchain/avr32 gcc/native/3.4.2.1002/avr32-gnu-toolchain/bin/../lib/gcc/avr32/4.4.7/../../../../avr32/lib/ucr3fp\libc.a(lib_a-reallocr.o) (_malloc_r)
c:/program files (x86)/atmel/atmel toolchain/avr32 gcc/native/3.4.2.1002/avr32-gnu-toolchain/bin/../lib/gcc/avr32/4.4.7/../../../../avr32/lib/ucr3fp\libc.a(lib_a-memmove.o)
                              c:/program files (x86)/atmel/atmel toolchain/avr32 gcc/native/3.4.2.1002/avr32-gnu-toolchain/bin/../lib/gcc/avr32/4.4.7/../../../../avr32/lib/ucr3fp\libc.a(lib_a-reallocr.o) (memmove)
[...]
Memory Configuration

Name             Origin             Length             Attributes
FLASH            0x80000000         0x00080000         axrl !w
CPUSRAM          0x00000004         0x0000fffc         axw !rl
USERPAGE         0x80800000         0x00000200
FACTORYPAGE      0x80800200         0x00000200
FLASHVAULT_FLASH_SIZE 0x80800400         0x00000008         r
FLASHVAULT_RAM_SIZE 0x80800408         0x00000008         r
*default*        0x00000000         0xffffffff

Linker script and memory map

                0x00001000                _stack_size = 0x1000
LOAD src/ASF/avr32/drivers/spi/spi.o
LOAD src/ASF/avr32/drivers/wdt/wdt4.o
LOAD src/ASF/common/services/spi/uc3_spi/spi_master.o
LOAD src/ECU_CAN/ecu_can_messages.o
LOAD src/ECU_CAN/ecu_can_mob.o
LOAD src/freertos/portable/heap_1.o
LOAD src/freertos/queue.o
LOAD src/mcp2515/mcp2515.o
LOAD src/revolve_pid/revolve_pid.o
LOAD src/revolve_pid/revolve_pid_data.o
LOAD src/statemachine/fsm_ecu.o
LOAD src/statemachine/fsm_ecu_functions.o
LOAD src/statemachine/fsm_control.o
LOAD src/ASF/avr32/drivers/canif/canif.o
LOAD src/ASF/avr32/drivers/scif/scif_uc3c.o
LOAD src/ASF/avr32/services/network/can/can.o
LOAD src/ECU_CAN/ecu_can.o
LOAD src/freertos/croutine.o
LOAD src/freertos/list.o
LOAD src/freertos/portable/exception.o
LOAD src/freertos/portable/port.o
LOAD src/freertos/tasks.o
LOAD src/freertos/timers.o
LOAD src/main.o
LOAD src/ASF/avr32/drivers/flashc/flashc.o
LOAD src/ASF/avr32/drivers/gpio/gpio.o
LOAD src/ASF/avr32/drivers/intc/intc.o
LOAD src/ASF/avr32/utils/startup/startup_uc3.o
LOAD src/ASF/avr32/utils/startup/trampoline_uc3.o
LOAD src/ASF/common/services/clock/uc3c/osc.o
LOAD src/ASF/common/services/clock/uc3c/pll.o
LOAD src/ASF/common/services/clock/uc3c/sysclk.o
LOAD src/ASF/common/boards/user_board/init.o
START GROUP
END GROUP
LOAD c:/program files (x86)/atmel/atmel toolchain/avr32 gcc/native/3.4.2.1002/avr32-gnu-toolchain/bin/../lib/gcc/avr32/4.4.7/ucr3fp\libgcc.a
LOAD c:/program files (x86)/atmel/atmel toolchain/avr32 gcc/native/3.4.2.1002/avr32-gnu-toolchain/bin/../lib/gcc/avr32/4.4.7/../../../../avr32/lib/ucr3fp\libc.a
LOAD c:/program files (x86)/atmel/atmel toolchain/avr32 gcc/native/3.4.2.1002/avr32-gnu-toolchain/bin/../lib/gcc/avr32/4.4.7/ucr3fp\libgcc.a
                0x80000000                PROVIDE (__executable_start, 0x80000000)
                0x80000000                . = 0x80000000

.interp
 *(.interp)

.reset          0x80000000     0x2004
 *(.reset)
 .reset         0x80000000     0x2004 src/ASF/avr32/utils/startup/trampoline_uc3.o
                               0x2008 (size before relaxing)
                0x80000000                _trampoline

.hash
 *(.hash)

.dynsym
 *(.dynsym)

.dynstr
 *(.dynstr)

.gnu.version
 *(.gnu.version)

.gnu.version_d
 *(.gnu.version_d)

.gnu.version_r
 *(.gnu.version_r)

.rel.init
 *(.rel.init)

.rela.init
 *(.rela.init)

.rel.text
 *(.rel.text .rel.text.* .rel.gnu.linkonce.t.*)

.rela.text
 *(.rela.text .rela.text.* .rela.gnu.linkonce.t.*)

.rel.fini
 *(.rel.fini)

.rela.fini
 *(.rela.fini)

.rel.rodata
 *(.rel.rodata .rel.rodata.* .rel.gnu.linkonce.r.*)

.rela.rodata
 *(.rela.rodata .rela.rodata.* .rela.gnu.linkonce.r.*)

.rel.data.rel.ro
 *(.rel.data.rel.ro*)

.rela.data.rel.ro
 *(.rel.data.rel.ro*)

.rel.data
 *(.rel.data .rel.data.* .rel.gnu.linkonce.d.*)

.rela.data
 *(.rela.data .rela.data.* .rela.gnu.linkonce.d.*)

.rel.tdata
 *(.rel.tdata .rel.tdata.* .rel.gnu.linkonce.td.*)

.rela.tdata
 *(.rela.tdata .rela.tdata.* .rela.gnu.linkonce.td.*)

.rel.tbss
 *(.rel.tbss .rel.tbss.* .rel.gnu.linkonce.tb.*)

.rela.tbss
 *(.rela.tbss .rela.tbss.* .rela.gnu.linkonce.tb.*)

.rel.ctors
 *(.rel.ctors)

.rela.ctors
 *(.rela.ctors)

.rel.dtors
 *(.rel.dtors)

.rela.dtors
 *(.rela.dtors)

.rel.got
 *(.rel.got)

.rela.got       0x80002004        0x0
 *(.rela.got)
 .rela.got      0x80002004        0x0 src/ECU_CAN/ecu_can_mob.o

.rel.bss
 *(.rel.bss .rel.bss.* .rel.gnu.linkonce.b.*)

.rela.bss
 *(.rela.bss .rela.bss.* .rela.gnu.linkonce.b.*)

.rel.plt
 *(.rel.plt)

.rela.plt
 *(.rela.plt)

.init
 *(.init)

.plt
 *(.plt)

.text           0x80002004     0x5c98
 *(.text .stub .text.* .gnu.linkonce.t.*)
 .text.getBaudDiv
                0x80002004       0x20 src/ASF/avr32/drivers/spi/spi.o
                0x80002004                getBaudDiv
 .text.spi_enable
                0x80002024        0x6 src/ASF/avr32/drivers/spi/spi.o
                0x80002024                spi_enable
 *fill*         0x8000202a        0x2 d703d703
 .text.spi_unselectChip
                0x8000202c       0x40 src/ASF/avr32/drivers/spi/spi.o
                0x8000202c                spi_unselectChip
 .text.spi_selectChip
                0x8000206c       0x78 src/ASF/avr32/drivers/spi/spi.o
                0x8000206c                spi_selectChip
 .text.wdt_set_ctrl
                0x800020e4       0x14 src/ASF/avr32/drivers/wdt/wdt4.o
 .text.wdt_get_us_timeout_period
                0x800020f8       0xdc src/ASF/avr32/drivers/wdt/wdt4.o
                0x800020f8                wdt_get_us_timeout_period
 .text.wdt_disable
                0x800021d4       0x14 src/ASF/avr32/drivers/wdt/wdt4.o
                0x800021d4                wdt_disable
 .text.wdt_reenable
                0x800021e8       0x1c src/ASF/avr32/drivers/wdt/wdt4.o
                0x800021e8                wdt_reenable
 .text.wdt_clear
                0x80002204       0x22 src/ASF/avr32/drivers/wdt/wdt4.o
                0x80002204                wdt_clear
 *fill*         0x80002226        0x2 d703d703
 .text.wdt_enable
                0x80002228      0x1e0 src/ASF/avr32/drivers/wdt/wdt4.o
                0x80002228                wdt_enable
 .text.spi_read_packet
                0x80002408       0x50 src/ASF/common/services/spi/uc3_spi/spi_master.o
                0x80002408                spi_read_packet
 .text.spi_write_packet
                0x80002458       0x2c src/ASF/common/services/spi/uc3_spi/spi_master.o
                0x80002458                spi_write_packet
 .text.spi_master_setup_device
                0x80002484      0x37c src/ASF/common/services/spi/uc3_spi/spi_master.o
                0x80002484                spi_master_setup_device
 .text.ecu_can_send_slip_current
                0x80002800       0x40 src/ECU_CAN/ecu_can_messages.o
                0x80002800                ecu_can_send_slip_current
 .text.ecu_can_send_launch_stop
                0x80002840       0x40 src/ECU_CAN/ecu_can_messages.o
                0x80002840                ecu_can_send_launch_stop
 .text.ecu_can_send_launch_ready
                0x80002880       0x40 src/ECU_CAN/ecu_can_messages.o
                0x80002880                ecu_can_send_launch_ready
 .text.ecu_can_confirm_activate_launch
                0x800028c0       0x40 src/ECU_CAN/ecu_can_messages.o
                0x800028c0                ecu_can_confirm_activate_launch
 .text.ecu_can_send_alive
                0x80002900       0x60 src/ECU_CAN/ecu_can_messages.o
                0x80002900                ecu_can_send_alive
 .text.ecu_can_send_drive_disabled
                0x80002960       0x40 src/ECU_CAN/ecu_can_messages.o
                0x80002960                ecu_can_send_drive_disabled
 .text.ecu_can_send_ready_to_drive
                0x800029a0       0x40 src/ECU_CAN/ecu_can_messages.o
                0x800029a0                ecu_can_send_ready_to_drive
 .text.ecu_can_send_play_rtds
                0x800029e0       0x3c src/ECU_CAN/ecu_can_messages.o
                0x800029e0                ecu_can_send_play_rtds
 .text.ecu_can_send_tractive_system_active
                0x80002a1c       0x40 src/ECU_CAN/ecu_can_messages.o
                0x80002a1c                ecu_can_send_tractive_system_active
 .text.ecu_can_send_slow_data
                0x80002a5c       0x3c src/ECU_CAN/ecu_can_messages.o
                0x80002a5c                ecu_can_send_slow_data
 .text.ecu_can_send_fast_data
                0x80002a98       0x3c src/ECU_CAN/ecu_can_messages.o
                0x80002a98                ecu_can_send_fast_data
 .text.ecu_can_inverter_read_reg
                0x80002ad4       0x34 src/ECU_CAN/ecu_can_messages.o
                0x80002ad4                ecu_can_inverter_read_reg
 .text.ecu_can_inverter_torque_cmd
                0x80002b08       0x3c src/ECU_CAN/ecu_can_messages.o
                0x80002b08                ecu_can_inverter_torque_cmd
 .text.ecu_can_send_to_inverter
                0x80002b44       0x34 src/ECU_CAN/ecu_can_messages.o
                0x80002b44                ecu_can_send_to_inverter
 .text.ecu_can_inverter_disable_drive
                0x80002b78       0x14 src/ECU_CAN/ecu_can_messages.o
                0x80002b78                ecu_can_inverter_disable_drive
 .text.ecu_can_inverter_enable_drive
                0x80002b8c       0x10 src/ECU_CAN/ecu_can_messages.o
                0x80002b8c                ecu_can_inverter_enable_drive
 .text.vPortFree
                0x80002b9c        0x2 src/freertos/portable/heap_1.o
                0x80002b9c                vPortFree
 *fill*         0x80002b9e        0x2 d703d703
 .text.pvPortMalloc
                0x80002ba0       0x68 src/freertos/portable/heap_1.o
                0x80002ba0                pvPortMalloc
 .text.prvCopyDataFromQueue
                0x80002c08       0x30 src/freertos/queue.o
 .text.prvCopyDataToQueue
                0x80002c38       0x74 src/freertos/queue.o
 .text.xQueueGenericSendFromISR
                0x80002cac       0x5c src/freertos/queue.o
                0x80002cac                xQueueGenericSendFromISR
 .text.prvUnlockQueue
                0x80002d08       0xa4 src/freertos/queue.o
 .text.xQueueGenericReceive
                0x80002dac      0x11c src/freertos/queue.o
                0x80002dac                xQueueGenericReceive
 .text.xQueueGenericSend
                0x80002ec8      0x104 src/freertos/queue.o
                0x80002ec8                xQueueGenericSend
 .text.xQueueGenericReset
                0x80002fcc       0x78 src/freertos/queue.o
                0x80002fcc                xQueueGenericReset
 .text.xQueueGenericCreate
                0x80003044       0x54 src/freertos/queue.o
                0x80003044                xQueueGenericCreate
 .text.mcp2515_read_array
                0x80003098       0x54 src/mcp2515/mcp2515.o
                0x80003098                mcp2515_read_array
 .text.load_state
                0x800030ec       0x58 src/mcp2515/mcp2515.o
                0x800030ec                load_state
 .text.mcp2515_readRXbuffer
                0x80003144       0x58 src/mcp2515/mcp2515.o
                0x80003144                mcp2515_readRXbuffer
 .text.mcp2515_write_array
                0x8000319c       0x5c src/mcp2515/mcp2515.o
                0x8000319c                mcp2515_write_array
 .text.save_state
                0x800031f8       0x44 src/mcp2515/mcp2515.o
                0x800031f8                save_state
 .text.mcp2515_setToMode
                0x8000323c       0x4c src/mcp2515/mcp2515.o
                0x8000323c                mcp2515_setToMode
 .text.mcp2515_readRegister
                0x80003288       0x5c src/mcp2515/mcp2515.o
                0x80003288                mcp2515_readRegister
 .text.mcp2515_getCurrentMode
                0x800032e4       0x14 src/mcp2515/mcp2515.o
                0x800032e4                mcp2515_getCurrentMode
 .text.mcp2515_writeRegister
                0x800032f8       0x48 src/mcp2515/mcp2515.o
                0x800032f8                mcp2515_writeRegister
 .text.mcp2515_reset
                0x80003340       0x2c src/mcp2515/mcp2515.o
                0x80003340                mcp2515_reset
 .text.mcp2515_init
                0x8000336c       0x7c src/mcp2515/mcp2515.o
                0x8000336c                mcp2515_init
 .text.mcp2515_getReceivedMessage
                0x800033e8       0x58 src/mcp2515/mcp2515.o
                0x800033e8                mcp2515_getReceivedMessage
 .text.mcp2515_sendCanMessage
                0x80003440       0x8c src/mcp2515/mcp2515.o
                0x80003440                mcp2515_sendCanMessage
 .text.spi_init_module
                0x800034cc       0x88 src/mcp2515/mcp2515.o
                0x800034cc                spi_init_module
 .text.spi_init_pins
                0x80003554       0x14 src/mcp2515/mcp2515.o
                0x80003554                spi_init_pins
 .text.fsm_ecu_init
                0x80003568       0xe0 src/statemachine/fsm_ecu.o
                0x80003568                fsm_ecu_init
 .text.fsm_ecu_run_state
                0x80003648       0x14 src/statemachine/fsm_ecu.o
                0x80003648                fsm_ecu_run_state
 .text.fsm_ecu_state_error_func
                0x8000365c       0x5c src/statemachine/fsm_ecu.o
                0x8000365c                fsm_ecu_state_error_func
 .text.fsm_ecu_state_plausibility_error_func
                0x800036b8       0x84 src/statemachine/fsm_ecu.o
                0x800036b8                fsm_ecu_state_plausibility_error_func
 .text.fsm_ecu_state_deactivate_launch_func
                0x8000373c       0x40 src/statemachine/fsm_ecu.o
                0x8000373c                fsm_ecu_state_deactivate_launch_func
 .text.fsm_ecu_state_launch_control_func
                0x8000377c       0xf8 src/statemachine/fsm_ecu.o
                0x8000377c                fsm_ecu_state_launch_control_func
 .text.fsm_ecu_state_init_launch_func
                0x80003874       0xb4 src/statemachine/fsm_ecu.o
                0x80003874                fsm_ecu_state_init_launch_func
 .text.fsm_ecu_state_ready_func
                0x80003928      0x194 src/statemachine/fsm_ecu.o
                0x80003928                fsm_ecu_state_ready_func
 .text.fsm_ecu_state_enable_drive_func
                0x80003abc      0x164 src/statemachine/fsm_ecu.o
                0x80003abc                fsm_ecu_state_enable_drive_func
 .text.fsm_ecu_state_charged_func
                0x80003c20       0xf4 src/statemachine/fsm_ecu.o
                0x80003c20                fsm_ecu_state_charged_func
 .text.fsm_ecu_state_startup_func
                0x80003d14      0x190 src/statemachine/fsm_ecu.o
                0x80003d14                fsm_ecu_state_startup_func
 .text.brake_plausibility_check
                0x80003ea4       0x50 src/statemachine/fsm_ecu_functions.o
                0x80003ea4                brake_plausibility_check
 .text.torque_plausibility_check
                0x80003ef4       0x30 src/statemachine/fsm_ecu_functions.o
                0x80003ef4                torque_plausibility_check
 .text.calc_bms_power
                0x80003f24       0x10 src/statemachine/fsm_ecu_functions.o
                0x80003f24                calc_bms_power
 .text.calc_inverter_power
                0x80003f34       0x42 src/statemachine/fsm_ecu_functions.o
                0x80003f34                calc_inverter_power
 *fill*         0x80003f76        0x2 d703d703
 .text.calc_kers
                0x80003f78       0xe4 src/statemachine/fsm_ecu_functions.o
                0x80003f78                calc_kers
 .text.check_inverter_error
                0x8000405c       0x1e src/statemachine/fsm_ecu_functions.o
                0x8000405c                check_inverter_error
 .text.convert_to_big_endian
                0x8000407a       0x10 src/statemachine/fsm_ecu_functions.o
                0x8000407a                convert_to_big_endian
 *fill*         0x8000408a        0x2 d703d703
 .text.convert_num_to_vdc
                0x8000408c       0x40 src/statemachine/fsm_ecu_functions.o
                0x8000408c                convert_num_to_vdc
 .text.handle_bms_data
                0x800040cc       0x5a src/statemachine/fsm_ecu_functions.o
                0x800040cc                handle_bms_data
 *fill*         0x80004126        0x2 d703d703
 .text.handle_dash_data
                0x80004128      0x184 src/statemachine/fsm_ecu_functions.o
                0x80004128                handle_dash_data
 .text.handle_inverter_data
                0x800042ac       0xac src/statemachine/fsm_ecu_functions.o
                0x800042ac                handle_inverter_data
 .text.map_pedal
                0x80004358       0x90 src/statemachine/fsm_ecu_functions.o
                0x80004358                map_pedal
 .text.get_new_data
                0x800043e8       0xc0 src/statemachine/fsm_ecu_functions.o
                0x800043e8                get_new_data
 .text.get_trq_sens
                0x800044a8       0x74 src/statemachine/fsm_ecu_functions.o
                0x800044a8                get_trq_sens
 .text.get_speed_sens
                0x8000451c       0x78 src/statemachine/fsm_ecu_functions.o
                0x8000451c                get_speed_sens
 .text.get_brake_sens
                0x80004594       0x40 src/statemachine/fsm_ecu_functions.o
                0x80004594                get_brake_sens
 .text.check_bspd
                0x800045d4       0x28 src/statemachine/fsm_ecu_functions.o
                0x800045d4                check_bspd
 .text.ecu_dio_inverter_clear_error
                0x800045fc       0x5c src/statemachine/fsm_ecu_functions.o
                0x800045fc                ecu_dio_inverter_clear_error
 .text.launch_control
                0x80004658       0xf8 src/statemachine/fsm_control.o
                0x80004658                launch_control
 .text.canif_clear_all_mob
                0x80004750       0x48 src/ASF/avr32/drivers/canif/canif.o
                0x80004750                canif_clear_all_mob
 .text.canif_fixed_baudrate
                0x80004798       0x4e src/ASF/avr32/drivers/canif/canif.o
                0x80004798                canif_fixed_baudrate
 .text.scif_stop_gclk
                0x800047e6       0x30 src/ASF/avr32/drivers/scif/scif_uc3c.o
                0x800047e6                scif_stop_gclk
 *fill*         0x80004816        0x2 d703d703
 .text.scif_gc_setup
                0x80004818       0x84 src/ASF/avr32/drivers/scif/scif_uc3c.o
                0x80004818                scif_gc_setup
 .text.scif_gc_enable
                0x8000489c       0x24 src/ASF/avr32/drivers/scif/scif_uc3c.o
                0x8000489c                scif_gc_enable
 .text.can0_int_tx_handler
                0x800048c0       0x40 src/ASF/avr32/services/network/can/can.o
 .text.can0_int_rx_handler
                0x80004900       0x40 src/ASF/avr32/services/network/can/can.o
 .text.can0_int_busoff_handler
                0x80004940       0x20 src/ASF/avr32/services/network/can/can.o
 .text.can0_int_cerr_handler
                0x80004960       0x20 src/ASF/avr32/services/network/can/can.o
 .text.can0_int_wakeup_handler
                0x80004980       0x20 src/ASF/avr32/services/network/can/can.o
 .text.can1_int_tx_handler
                0x800049a0       0x44 src/ASF/avr32/services/network/can/can.o
 .text.can1_int_rx_handler
                0x800049e4       0x44 src/ASF/avr32/services/network/can/can.o
 .text.can1_int_busoff_handler
                0x80004a28       0x24 src/ASF/avr32/services/network/can/can.o
 .text.can1_int_cerr_handler
                0x80004a4c       0x24 src/ASF/avr32/services/network/can/can.o
 .text.can1_int_wakeup_handler
                0x80004a70       0x24 src/ASF/avr32/services/network/can/can.o
 .text.can_tx   0x80004a94      0x126 src/ASF/avr32/services/network/can/can.o
                0x80004a94                can_tx
 .text.can_rx   0x80004bba      0x10a src/ASF/avr32/services/network/can/can.o
                0x80004bba                can_rx
 .text.can_get_mob_data
                0x80004cc4       0x18 src/ASF/avr32/services/network/can/can.o
                0x80004cc4                can_get_mob_data
 .text.can_get_mob_dlc
                0x80004cdc       0x18 src/ASF/avr32/services/network/can/can.o
                0x80004cdc                can_get_mob_dlc
 .text.can_get_mob_id
                0x80004cf4       0x18 src/ASF/avr32/services/network/can/can.o
                0x80004cf4                can_get_mob_id
 .text.can_enable_interrupt
                0x80004d0c       0xe0 src/ASF/avr32/services/network/can/can.o
                0x80004d0c                can_enable_interrupt
 .text.can_init
                0x80004dec      0x15c src/ASF/avr32/services/network/can/can.o
                0x80004dec                can_init
 .text.can_out_callback_channel1
                0x80004f48      0x3c4 src/ECU_CAN/ecu_can.o
                0x80004f48                can_out_callback_channel1
 .text.can_out_callback_channel0
                0x8000530c      0x1ec src/ECU_CAN/ecu_can.o
                0x8000530c                can_out_callback_channel0
 .text.ecu_can_init
                0x800054f8      0x1bc src/ECU_CAN/ecu_can.o
                0x800054f8                ecu_can_init
 .text.vListInitialise
                0x800056b4       0x14 src/freertos/list.o
                0x800056b4                vListInitialise
 .text.vListInitialiseItem
                0x800056c8        0x6 src/freertos/list.o
                0x800056c8                vListInitialiseItem
 .text.vListInsertEnd
                0x800056ce       0x1c src/freertos/list.o
                0x800056ce                vListInsertEnd
 .text.vListInsert
                0x800056ea       0x34 src/freertos/list.o
                0x800056ea                vListInsert
 .text.vListRemove
                0x8000571e       0x26 src/freertos/list.o
                0x8000571e                vListRemove
 .text.pxPortInitialiseStack
                0x80005744       0x92 src/freertos/portable/port.o
                0x80005744                pxPortInitialiseStack
 *fill*         0x800057d6        0x2 d703d703
 .text.vPortEnterCritical
                0x800057d8       0x10 src/freertos/portable/port.o
                0x800057d8                vPortEnterCritical
 .text.xPortStartScheduler
                0x800057e8       0x58 src/freertos/portable/port.o
                0x800057e8                xPortStartScheduler
 .text.SCALLYield
                0x80005840       0x98 src/freertos/portable/port.o
                0x80005840                SCALLYield
 .text.prvClearCcInt
                0x800058d8        0xa src/freertos/portable/port.o
 *fill*         0x800058e2        0x2 d703d703
 .text.vPortExitCritical
                0x800058e4       0x20 src/freertos/portable/port.o
                0x800058e4                vPortExitCritical
 .text.vTick    0x80005904       0x84 src/freertos/portable/port.o
 .text.vTaskSuspendAll
                0x80005988       0x10 src/freertos/tasks.o
                0x80005988                vTaskSuspendAll
 .text.vTaskSwitchContext
                0x80005998       0x7c src/freertos/tasks.o
                0x80005998                vTaskSwitchContext
 .text.vTaskSetTimeOutState
                0x80005a14       0x18 src/freertos/tasks.o
                0x80005a14                vTaskSetTimeOutState
 .text.vTaskMissedYield
                0x80005a2c        0xc src/freertos/tasks.o
                0x80005a2c                vTaskMissedYield
 .text.xTaskCheckForTimeOut
                0x80005a38       0x70 src/freertos/tasks.o
                0x80005a38                xTaskCheckForTimeOut
 .text.xTaskGetTickCount
                0x80005aa8       0x24 src/freertos/tasks.o
                0x80005aa8                xTaskGetTickCount
 .text.xTaskRemoveFromEventList
                0x80005acc       0x80 src/freertos/tasks.o
                0x80005acc                xTaskRemoveFromEventList
 .text.vTaskIncrementTick
                0x80005b4c      0x114 src/freertos/tasks.o
                0x80005b4c                vTaskIncrementTick
 .text.xTaskResumeAll
                0x80005c60       0xe8 src/freertos/tasks.o
                0x80005c60                xTaskResumeAll
 .text.prvAddCurrentTaskToDelayedList
                0x80005d48       0x5c src/freertos/tasks.o
 .text.vTaskDelayUntil
                0x80005da4       0x80 src/freertos/tasks.o
                0x80005da4                vTaskDelayUntil
 .text.vTaskPlaceOnEventList
                0x80005e24       0x58 src/freertos/tasks.o
                0x80005e24                vTaskPlaceOnEventList
 .text.prvIdleTask
                0x80005e7c       0x80 src/freertos/tasks.o
 .text.xTaskGenericCreate
                0x80005efc      0x1e4 src/freertos/tasks.o
                0x80005efc                xTaskGenericCreate
 .text.vTaskStartScheduler
                0x800060e0       0x4c src/freertos/tasks.o
                0x800060e0                vTaskStartScheduler
 .text.get_and_send_periodic_data
                0x8000612c       0xf0 src/main.o
                0x8000612c                get_and_send_periodic_data
 .text.wdt_scheduler
                0x8000621c       0x7c src/main.o
                0x8000621c                wdt_scheduler
 .text.main     0x80006298      0x1c0 src/main.o
                0x80006298                main
 .text.task_watchdog
                0x80006458       0xb8 src/main.o
 .text.task_spi_can
                0x80006510      0x168 src/main.o
 .text.task_main
                0x80006678       0x80 src/main.o
 .text.flashc_set_wait_state
                0x800066f8        0xe src/ASF/avr32/drivers/flashc/flashc.o
                0x800066f8                flashc_set_wait_state
 *fill*         0x80006706        0x2 d703d703
 .text.flashc_set_bus_freq
                0x80006708       0x24 src/ASF/avr32/drivers/flashc/flashc.o
                0x80006708                flashc_set_bus_freq
 .text.gpio_enable_module_pin
                0x8000672c       0x94 src/ASF/avr32/drivers/gpio/gpio.o
                0x8000672c                gpio_enable_module_pin
 .text.gpio_enable_module
                0x800067c0       0x30 src/ASF/avr32/drivers/gpio/gpio.o
                0x800067c0                gpio_enable_module
 .text.gpio_configure_pin
                0x800067f0      0x130 src/ASF/avr32/drivers/gpio/gpio.o
                0x800067f0                gpio_configure_pin
 .text.gpio_get_pin_value
                0x80006920       0x16 src/ASF/avr32/drivers/gpio/gpio.o
                0x80006920                gpio_get_pin_value
 .text.gpio_set_pin_high
                0x80006936       0x16 src/ASF/avr32/drivers/gpio/gpio.o
                0x80006936                gpio_set_pin_high
 .text.gpio_set_pin_low
                0x8000694c       0x16 src/ASF/avr32/drivers/gpio/gpio.o
                0x8000694c                gpio_set_pin_low
 .text.gpio_toggle_pin
                0x80006962       0x16 src/ASF/avr32/drivers/gpio/gpio.o
                0x80006962                gpio_toggle_pin
 .text._unhandled_interrupt
                0x80006978        0x2 src/ASF/avr32/drivers/intc/intc.o
 *fill*         0x8000697a        0x2 d703d703
 .text.INTC_register_interrupt
                0x8000697c       0x80 src/ASF/avr32/drivers/intc/intc.o
                0x8000697c                INTC_register_interrupt
 .text.INTC_init_interrupts
                0x800069fc       0x54 src/ASF/avr32/drivers/intc/intc.o
                0x800069fc                INTC_init_interrupts
 .text._get_interrupt_handler
                0x80006a50       0x38 src/ASF/avr32/drivers/intc/intc.o
                0x80006a50                _get_interrupt_handler
 .text._stext   0x80006a88       0x40 src/ASF/avr32/utils/startup/startup_uc3.o
                                 0x50 (size before relaxing)
                0x80006a88                _stext
 .text.osc_priv_enable_rc120m
                0x80006ac8       0x24 src/ASF/common/services/clock/uc3c/osc.o
                0x80006ac8                osc_priv_enable_rc120m
 .text.osc_priv_enable_rc8m
                0x80006aec       0x40 src/ASF/common/services/clock/uc3c/osc.o
                0x80006aec                osc_priv_enable_rc8m
 .text.osc_priv_enable_osc32
                0x80006b2c       0x26 src/ASF/common/services/clock/uc3c/osc.o
                0x80006b2c                osc_priv_enable_osc32
 .text.osc_priv_enable_osc0
                0x80006b52       0x24 src/ASF/common/services/clock/uc3c/osc.o
                0x80006b52                osc_priv_enable_osc0
 .text.pll_enable
                0x80006b76       0x2a src/ASF/common/services/clock/uc3c/pll.o
                0x80006b76                pll_enable
 .text.osc_enable
                0x80006ba0       0x50 src/ASF/common/services/clock/uc3c/sysclk.o
 .text.sysclk_set_source
                0x80006bf0       0x20 src/ASF/common/services/clock/uc3c/sysclk.o
                0x80006bf0                sysclk_set_source
 .text.sysclk_set_prescalers
                0x80006c10       0x6c src/ASF/common/services/clock/uc3c/sysclk.o
                0x80006c10                sysclk_set_prescalers
 .text.sysclk_priv_enable_module
                0x80006c7c       0x3a src/ASF/common/services/clock/uc3c/sysclk.o
                0x80006c7c                sysclk_priv_enable_module
 *fill*         0x80006cb6        0x2 d703d703
 .text.sysclk_init
                0x80006cb8       0x98 src/ASF/common/services/clock/uc3c/sysclk.o
                0x80006cb8                sysclk_init
 .text.board_init
                0x80006d50       0xa4 src/ASF/common/boards/user_board/init.o
                0x80006d50                board_init
 .text          0x80006df4      0x1d4 c:/program files (x86)/atmel/atmel toolchain/avr32 gcc/native/3.4.2.1002/avr32-gnu-toolchain/bin/../lib/gcc/avr32/4.4.7/ucr3fp\libgcc.a(_avr32_f64_mul.o)
                0x80006df4                __avr32_f64_mul
 .text          0x80006fc8      0x2b0 c:/program files (x86)/atmel/atmel toolchain/avr32 gcc/native/3.4.2.1002/avr32-gnu-toolchain/bin/../lib/gcc/avr32/4.4.7/ucr3fp\libgcc.a(_avr32_f64_addsub.o)
                0x80006fcc                __avr32_f64_sub
                0x80007168                __avr32_f64_add
 .text          0x80007278       0xe8 c:/program files (x86)/atmel/atmel toolchain/avr32 gcc/native/3.4.2.1002/avr32-gnu-toolchain/bin/../lib/gcc/avr32/4.4.7/ucr3fp\libgcc.a(_avr32_s32_to_f64.o)
                0x80007278                __avr32_u32_to_f64
                0x80007280                __avr32_s32_to_f64
 .text          0x80007360      0x318 c:/program files (x86)/atmel/atmel toolchain/avr32 gcc/native/3.4.2.1002/avr32-gnu-toolchain/bin/../lib/gcc/avr32/4.4.7/ucr3fp\libgcc.a(_avr32_f64_div.o)
                0x80007360                __avr32_f64_div
 .text          0x80007678      0x160 c:/program files (x86)/atmel/atmel toolchain/avr32 gcc/native/3.4.2.1002/avr32-gnu-toolchain/bin/../lib/gcc/avr32/4.4.7/ucr3fp\libgcc.a(_avr32_f32_div.o)
                0x80007678                __avr32_f32_div
 .text          0x800077d8       0x60 c:/program files (x86)/atmel/atmel toolchain/avr32 gcc/native/3.4.2.1002/avr32-gnu-toolchain/bin/../lib/gcc/avr32/4.4.7/ucr3fp\libgcc.a(_avr32_f32_to_f64.o)
                0x800077d8                __avr32_f32_to_f64
 .text          0x80007838       0x8a c:/program files (x86)/atmel/atmel toolchain/avr32 gcc/native/3.4.2.1002/avr32-gnu-toolchain/bin/../lib/gcc/avr32/4.4.7/ucr3fp\libgcc.a(_avr32_f64_to_f32.o)
                0x80007838                __avr32_f64_to_f32
 .text          0x800078c2      0x264 c:/program files (x86)/atmel/atmel toolchain/avr32 gcc/native/3.4.2.1002/avr32-gnu-toolchain/bin/../lib/gcc/avr32/4.4.7/ucr3fp\libgcc.a(_udivdi3.o)
                0x800078c2                __avr32_udiv64
                0x800078c2                __udivdi3
 .text          0x80007b26      0x148 c:/program files (x86)/atmel/atmel toolchain/avr32 gcc/native/3.4.2.1002/avr32-gnu-toolchain/bin/../lib/gcc/avr32/4.4.7/../../../../avr32/lib/ucr3fp\libc.a(lib_a-memcpy.o)
                0x80007b26                memcpy
 .text.memset   0x80007c6e        0xe c:/program files (x86)/atmel/atmel toolchain/avr32 gcc/native/3.4.2.1002/avr32-gnu-toolchain/bin/../lib/gcc/avr32/4.4.7/../../../../avr32/lib/ucr3fp\libc.a(lib_a-memset.o)
                0x80007c6e                memset
 .text          0x80007c7c       0x20 c:/program files (x86)/atmel/atmel toolchain/avr32 gcc/native/3.4.2.1002/avr32-gnu-toolchain/bin/../lib/gcc/avr32/4.4.7/../../../../avr32/lib/ucr3fp\libc.a(lib_a-strncpy.o)
                0x80007c7c                strncpy
 *(.text.*personality*)
 *(.gnu.warning)

.exception      0x80007e00      0x200
 .exception     0x80007e00      0x200 src/freertos/portable/exception.o
                0x80007e00                _evba
                0x80007f04                _int0
                0x80007f12                _int1
                0x80007f20                _int2
                0x80007f2e                _int3

.fini
 *(.fini)
                0x80008000                PROVIDE (__etext, .)
                0x80008000                PROVIDE (_etext, .)
                0x80008000                PROVIDE (etext, .)

.rodata         0x80008000      0x234
 *(.rodata .rodata.* .gnu.linkonce.r.*)
 .rodata.CSWTCH.59
                0x80008000        0x4 src/mcp2515/mcp2515.o
 .rodata.MCP2515_SPI_GPIO_MAP.16023
                0x80008004       0x28 src/mcp2515/mcp2515.o
 .rodata.fsm_ecu_state_table
                0x8000802c       0x24 src/statemachine/fsm_ecu.o
                0x8000802c                fsm_ecu_state_table
 .rodata.CAN_GPIO_MAP.16047
                0x80008050       0x20 src/ECU_CAN/ecu_can.o
 .rodata.str1.4
                0x80008070        0x5 src/freertos/tasks.o
                                  0x8 (size before relaxing)
 *fill*         0x80008075        0x3 
 .rodata.str1.4
                0x80008078       0x24 src/main.o
 .rodata.gpio_enable_module_pin
                0x8000809c       0x20 src/ASF/avr32/drivers/gpio/gpio.o
 .rodata._int_handler_table
                0x800080bc      0x178 src/ASF/avr32/drivers/intc/intc.o

.rodata1
 *(.rodata1)

.eh_frame_hdr
 *(.eh_frame_hdr)

.eh_frame
 *(.eh_frame)

.gcc_except_table
 *(.gcc_except_table)
 *(.gcc_except_table.*)

.dalign         0x80008234        0x4
                0x80008238                . = ALIGN (0x8)
 *fill*         0x80008234        0x4 
                0x80008238                PROVIDE (_data_lma, .)
                0x00000004                PROVIDE (_data, ORIGIN (CPUSRAM))
                0x00000004                . = ORIGIN (CPUSRAM)

.eh_frame
 *(.eh_frame)

.gcc_except_table
 *(.gcc_except_table)
 *(.gcc_except_table.*)

.tdata
 *(.tdata .tdata.* .gnu.linkonce.td.*)

.tbss
 *(.tbss .tbss.* .gnu.linkonce.tb.*)
 *(.tcommon)
                0x00000004                PROVIDE (__preinit_array_start, ALIGN (0x4))

.preinit_array
 *(.preinit_array)
                0x00000004                PROVIDE (__preinit_array_end, .)
                0x00000004                PROVIDE (__init_array_start, .)

.init_array
 *(.init_array)
                0x00000004                PROVIDE (__init_array_end, .)
                0x00000004                PROVIDE (__fini_array_start, .)

.fini_array
 *(.fini_array)
                0x00000004                PROVIDE (__fini_array_end, .)

.ctors
 *crtbegin*.o(.ctors)
 *(EXCLUDE_FILE(*crtend*.o) .ctors)
 *(SORT(.ctors.*))
 *(.ctors)

.dtors
 *crtbegin*.o(.dtors)
 *(EXCLUDE_FILE(*crtend*.o) .dtors)
 *(SORT(.dtors.*))
 *(.dtors)

.jcr
 *(.jcr)

.data.rel.ro
 *(.data.rel.ro.local)
 *(.data.rel.ro*)

.dynamic
 *(.dynamic)

.got
 *(.got.plt)
 *(.got)

.data           0x00000004      0x1e8 load address 0x80008238
 *(.data .data.* .gnu.linkonce.d.*)
 .data.msg_rx_bms_precharge
                0x00000004       0x10 src/ECU_CAN/ecu_can_mob.o
                0x00000004                msg_rx_bms_precharge
 .data.mob_rx_speed_sens_rl
                0x00000014        0xc src/ECU_CAN/ecu_can_mob.o
                0x00000014                mob_rx_speed_sens_rl
 .data.mob_rx_speed_sens_fl
                0x00000020        0xc src/ECU_CAN/ecu_can_mob.o
                0x00000020                mob_rx_speed_sens_fl
 .data.mob_rx_bspd
                0x0000002c        0xc src/ECU_CAN/ecu_can_mob.o
                0x0000002c                mob_rx_bspd
 .data.mob_rx_speed_sens_rr
                0x00000038        0xc src/ECU_CAN/ecu_can_mob.o
                0x00000038                mob_rx_speed_sens_rr
 .data.msg_rx_speed_sens_fl
                0x00000044       0x10 src/ECU_CAN/ecu_can_mob.o
                0x00000044                msg_rx_speed_sens_fl
 .data.msg_rx_dash_pri
                0x00000054       0x10 src/ECU_CAN/ecu_can_mob.o
                0x00000054                msg_rx_dash_pri
 .data.mob_ecu_fast_data
                0x00000064        0xc src/ECU_CAN/ecu_can_mob.o
                0x00000064                mob_ecu_fast_data
 .data.msg_ecu_slow_data
                0x00000070       0x10 src/ECU_CAN/ecu_can_mob.o
                0x00000070                msg_ecu_slow_data
 .data.msg_rx_bms_battvolt
                0x00000080       0x10 src/ECU_CAN/ecu_can_mob.o
                0x00000080                msg_rx_bms_battvolt
 .data.msg_rx_speed_sens_rl
                0x00000090       0x10 src/ECU_CAN/ecu_can_mob.o
                0x00000090                msg_rx_speed_sens_rl
 .data.mob_tx_dash
                0x000000a0        0xc src/ECU_CAN/ecu_can_mob.o
                0x000000a0                mob_tx_dash
 .data.mob_rx_bms_precharge
                0x000000ac        0xc src/ECU_CAN/ecu_can_mob.o
                0x000000ac                mob_rx_bms_precharge
 .data.msg_rx_speed_sens_rr
                0x000000b8       0x10 src/ECU_CAN/ecu_can_mob.o
                0x000000b8                msg_rx_speed_sens_rr
 .data.msg_rx_bspd
                0x000000c8       0x10 src/ECU_CAN/ecu_can_mob.o
                0x000000c8                msg_rx_bspd
 .data.msg_rx_dash_data
                0x000000d8       0x10 src/ECU_CAN/ecu_can_mob.o
                0x000000d8                msg_rx_dash_data
 .data.mob_slip_current
                0x000000e8        0xc src/ECU_CAN/ecu_can_mob.o
                0x000000e8                mob_slip_current
 .data.msg_rx_trq_sens0
                0x000000f4       0x10 src/ECU_CAN/ecu_can_mob.o
                0x000000f4                msg_rx_trq_sens0
 .data.msg_rx_trq_sens1
                0x00000104       0x10 src/ECU_CAN/ecu_can_mob.o
                0x00000104                msg_rx_trq_sens1
 .data.msg_brk  0x00000114       0x10 src/ECU_CAN/ecu_can_mob.o
                0x00000114                msg_brk
 .data.msg_ecu_fast_data
                0x00000124       0x10 src/ECU_CAN/ecu_can_mob.o
                0x00000124                msg_ecu_fast_data
 .data.mob_rx_bms_battvolt
                0x00000134        0xc src/ECU_CAN/ecu_can_mob.o
                0x00000134                mob_rx_bms_battvolt
 .data.mob_ecu_slow_data
                0x00000140        0xc src/ECU_CAN/ecu_can_mob.o
                0x00000140                mob_ecu_slow_data
 .data.mob_rx_dash_pri
                0x0000014c        0xc src/ECU_CAN/ecu_can_mob.o
                0x0000014c                mob_rx_dash_pri
 .data.mob_brk  0x00000158        0xc src/ECU_CAN/ecu_can_mob.o
                0x00000158                mob_brk
 .data.msg_slip_current
                0x00000164       0x10 src/ECU_CAN/ecu_can_mob.o
                0x00000164                msg_slip_current
 .data.msg_rx_speed_sens_fr
                0x00000174       0x10 src/ECU_CAN/ecu_can_mob.o
                0x00000174                msg_rx_speed_sens_fr
 .data.mob_rx_dash_data
                0x00000184        0xc src/ECU_CAN/ecu_can_mob.o
                0x00000184                mob_rx_dash_data
 .data.msg_tx_dash
                0x00000190       0x10 src/ECU_CAN/ecu_can_mob.o
                0x00000190                msg_tx_dash
 .data.mob_rx_speed_sens_fr
                0x000001a0        0xc src/ECU_CAN/ecu_can_mob.o
                0x000001a0                mob_rx_speed_sens_fr
 .data.mob_rx_trq_sens0
                0x000001ac        0xc src/ECU_CAN/ecu_can_mob.o
                0x000001ac                mob_rx_trq_sens0
 .data.mob_rx_trq_sens1
                0x000001b8        0xc src/ECU_CAN/ecu_can_mob.o
                0x000001b8                mob_rx_trq_sens1
 .data.first_run.16211
                0x000001c4        0x1 src/statemachine/fsm_control.o
 *fill*         0x000001c5        0x3 
 .data.ulCriticalNesting
                0x000001c8        0x4 src/freertos/portable/port.o
                0x000001c8                ulCriticalNesting
 .data.xNextTaskUnblockTime
                0x000001cc        0x4 src/freertos/tasks.o
 .data.data_timer
                0x000001d0        0x2 src/main.o
 *fill*         0x000001d2        0x2 
 .data.opt      0x000001d4       0x18 src/main.o
                0x000001d4                opt
 *(.gnu.linkonce.d.*personality*)

.hsb_ram_loc    0x000001ec      0x200 load address 0x80008420
 .hsb_ram_loc   0x000001ec      0x200 src/ECU_CAN/ecu_can.o
                0x000001ec                mob_ram_ch0
                0x000002ec                mob_ram_ch1

.data1
 *(.data1)

.balign         0x000003ec        0x4 load address 0x80008620
                0x000003f0                . = ALIGN (0x8)
 *fill*         0x000003ec        0x4 
                0x000003f0                _edata = .
                0x000003f0                _edata = .
                0x000003f0                PROVIDE (edata, .)
                0x000003f0                __bss_start = .

.bss            0x000003f0     0xcc20 load address 0x80008620
 *(.dynbss)
 *(.bss .bss.* .gnu.linkonce.b.*)
 .bss.xNextFreeByte
                0x000003f0        0x4 src/freertos/portable/heap_1.o
 .bss.ucHeap    0x000003f4     0xc800 src/freertos/portable/heap_1.o
 .bss.pucAlignedHeap.14224
                0x0000cbf4        0x4 src/freertos/portable/heap_1.o
 .bss.internal_state.16262
                0x0000cbf8        0x1 src/statemachine/fsm_ecu.o
 *fill*         0x0000cbf9        0x1 
 .bss.attempts  0x0000cbfa        0x2 src/statemachine/fsm_ecu.o
 .bss.activation_timer.16389
                0x0000cbfc        0x2 src/statemachine/fsm_ecu.o
 .bss.timer.16424
                0x0000cbfe        0x1 src/statemachine/fsm_ecu.o
 .bss.internal_state.16169
                0x0000cbff        0x1 src/statemachine/fsm_ecu.o
 .bss.precharge_timer.16170
                0x0000cc00        0x1 src/statemachine/fsm_ecu.o
 *fill*         0x0000cc01        0x1 
 .bss.activation_timer.16359
                0x0000cc02        0x2 src/statemachine/fsm_ecu.o
 .bss.verification_timer.16360
                0x0000cc04        0x1 src/statemachine/fsm_ecu.o
 *fill*         0x0000cc05        0x3 
 .bss.pedal_filter.16524
                0x0000cc08        0x4 src/statemachine/fsm_ecu_functions.o
 .bss.allow_kers.16221
                0x0000cc0c        0x1 src/statemachine/fsm_ecu_functions.o
 .bss.plausibility_timer.16148
                0x0000cc0d        0x1 src/statemachine/fsm_ecu_functions.o
 *fill*         0x0000cc0e        0x2 
 .bss.filter_output.16210
                0x0000cc10        0x4 src/statemachine/fsm_control.o
 .bss.can_lib_params
                0x0000cc14        0x8 src/ASF/avr32/services/network/can/can.o
 .bss.uxMissedTicks
                0x0000cc1c        0x4 src/freertos/tasks.o
 .bss.uxTopUsedPriority
                0x0000cc20        0x4 src/freertos/tasks.o
 .bss.pxDelayedTaskList
                0x0000cc24        0x4 src/freertos/tasks.o
 .bss.xSchedulerRunning
                0x0000cc28        0x4 src/freertos/tasks.o
 .bss.uxTasksDeleted
                0x0000cc2c        0x4 src/freertos/tasks.o
 .bss.xNumOfOverflows
                0x0000cc30        0x4 src/freertos/tasks.o
 .bss.pxOverflowDelayedTaskList
                0x0000cc34        0x4 src/freertos/tasks.o
 .bss.pxReadyTasksLists
                0x0000cc38       0xa0 src/freertos/tasks.o
 .bss.xTasksWaitingTermination
                0x0000ccd8       0x14 src/freertos/tasks.o
 .bss.pxCurrentTCB
                0x0000ccec        0x4 src/freertos/tasks.o
                0x0000ccec                pxCurrentTCB
 .bss.xPendingReadyList
                0x0000ccf0       0x14 src/freertos/tasks.o
 .bss.xDelayedTaskList1
                0x0000cd04       0x14 src/freertos/tasks.o
 .bss.xTickCount
                0x0000cd18        0x4 src/freertos/tasks.o
 .bss.uxSchedulerSuspended
                0x0000cd1c        0x4 src/freertos/tasks.o
 .bss.xDelayedTaskList2
                0x0000cd20       0x14 src/freertos/tasks.o
 .bss.uxTaskNumber
                0x0000cd34        0x4 src/freertos/tasks.o
 .bss.uxCurrentNumberOfTasks
                0x0000cd38        0x4 src/freertos/tasks.o
 .bss.xMissedYield
                0x0000cd3c        0x4 src/freertos/tasks.o
 .bss.xSuspendedTaskList
                0x0000cd40       0x14 src/freertos/tasks.o
 .bss.uxTopReadyPriority
                0x0000cd54        0x4 src/freertos/tasks.o
 .bss.task_handles
                0x0000cd58        0x8 src/main.o
 .bss.power_on_reset
                0x0000cd60        0x1 src/main.o
 .bss.seppuku.16428
                0x0000cd61        0x1 src/main.o
 *fill*         0x0000cd62        0x2 
 .bss.task_check_alive
                0x0000cd64        0x8 src/main.o
 .bss.por_timer.16429
                0x0000cd6c        0x1 src/main.o
 *fill*         0x0000cd6d        0x3 
 .bss._int_line_handler_table_0
                0x0000cd70        0x4 src/ASF/avr32/drivers/intc/intc.o
 .bss._int_line_handler_table_1
                0x0000cd74        0x8 src/ASF/avr32/drivers/intc/intc.o
 .bss._int_line_handler_table_2
                0x0000cd7c        0x4 src/ASF/avr32/drivers/intc/intc.o
 .bss._int_line_handler_table_3
                0x0000cd80       0x10 src/ASF/avr32/drivers/intc/intc.o
 .bss._int_line_handler_table_4
                0x0000cd90       0x10 src/ASF/avr32/drivers/intc/intc.o
 .bss._int_line_handler_table_5
                0x0000cda0       0x10 src/ASF/avr32/drivers/intc/intc.o
 .bss._int_line_handler_table_6
                0x0000cdb0       0x10 src/ASF/avr32/drivers/intc/intc.o
 .bss._int_line_handler_table_7
                0x0000cdc0        0x4 src/ASF/avr32/drivers/intc/intc.o
 .bss._int_line_handler_table_8
                0x0000cdc4        0x4 src/ASF/avr32/drivers/intc/intc.o
 .bss._int_line_handler_table_9
                0x0000cdc8       0x28 src/ASF/avr32/drivers/intc/intc.o
 .bss._int_line_handler_table_10
                0x0000cdf0        0x4 src/ASF/avr32/drivers/intc/intc.o
 .bss._int_line_handler_table_11
                0x0000cdf4        0x4 src/ASF/avr32/drivers/intc/intc.o
 .bss._int_line_handler_table_12
                0x0000cdf8        0x4 src/ASF/avr32/drivers/intc/intc.o
 .bss._int_line_handler_table_13
                0x0000cdfc        0x4 src/ASF/avr32/drivers/intc/intc.o
 .bss._int_line_handler_table_14
                0x0000ce00       0x14 src/ASF/avr32/drivers/intc/intc.o
 .bss._int_line_handler_table_15
                0x0000ce14       0x10 src/ASF/avr32/drivers/intc/intc.o
 .bss._int_line_handler_table_16
                0x0000ce24       0x10 src/ASF/avr32/drivers/intc/intc.o
 .bss._int_line_handler_table_17
                0x0000ce34        0x4 src/ASF/avr32/drivers/intc/intc.o
 .bss._int_line_handler_table_18
                0x0000ce38       0x40 src/ASF/avr32/drivers/intc/intc.o
 .bss._int_line_handler_table_19
                0x0000ce78        0x4 src/ASF/avr32/drivers/intc/intc.o
 .bss._int_line_handler_table_33
                0x0000ce7c        0xc src/ASF/avr32/drivers/intc/intc.o
 .bss._int_line_handler_table_34
                0x0000ce88        0xc src/ASF/avr32/drivers/intc/intc.o
 .bss._int_line_handler_table_35
                0x0000ce94        0x8 src/ASF/avr32/drivers/intc/intc.o
 .bss._int_line_handler_table_36
                0x0000ce9c       0x18 src/ASF/avr32/drivers/intc/intc.o
 .bss._int_line_handler_table_37
                0x0000ceb4        0x4 src/ASF/avr32/drivers/intc/intc.o
 .bss._int_line_handler_table_38
                0x0000ceb8        0x4 src/ASF/avr32/drivers/intc/intc.o
 .bss._int_line_handler_table_39
                0x0000cebc       0x18 src/ASF/avr32/drivers/intc/intc.o
 .bss._int_line_handler_table_40
                0x0000ced4       0x18 src/ASF/avr32/drivers/intc/intc.o
 .bss._int_line_handler_table_29
                0x0000ceec        0x4 src/ASF/avr32/drivers/intc/intc.o
 .bss._int_line_handler_table_30
                0x0000cef0        0x4 src/ASF/avr32/drivers/intc/intc.o
 .bss._int_line_handler_table_31
                0x0000cef4        0x4 src/ASF/avr32/drivers/intc/intc.o
 .bss._int_line_handler_table_41
                0x0000cef8        0x4 src/ASF/avr32/drivers/intc/intc.o
 .bss._int_line_handler_table_32
                0x0000cefc        0x4 src/ASF/avr32/drivers/intc/intc.o
 .bss._int_line_handler_table_45
                0x0000cf00        0x4 src/ASF/avr32/drivers/intc/intc.o
 .bss._int_line_handler_table_20
                0x0000cf04        0x4 src/ASF/avr32/drivers/intc/intc.o
 .bss._int_line_handler_table_21
                0x0000cf08        0x4 src/ASF/avr32/drivers/intc/intc.o
 .bss._int_line_handler_table_22
                0x0000cf0c        0x4 src/ASF/avr32/drivers/intc/intc.o
 .bss._int_line_handler_table_23
                0x0000cf10        0x4 src/ASF/avr32/drivers/intc/intc.o
 .bss._int_line_handler_table_24
                0x0000cf14        0x4 src/ASF/avr32/drivers/intc/intc.o
 .bss._int_line_handler_table_25
                0x0000cf18        0x4 src/ASF/avr32/drivers/intc/intc.o
 .bss._int_line_handler_table_26
                0x0000cf1c        0x4 src/ASF/avr32/drivers/intc/intc.o
 .bss._int_line_handler_table_27
                0x0000cf20        0x4 src/ASF/avr32/drivers/intc/intc.o
 .bss._int_line_handler_table_28
                0x0000cf24        0x4 src/ASF/avr32/drivers/intc/intc.o
 .bss._int_line_handler_table_42
                0x0000cf28        0x4 src/ASF/avr32/drivers/intc/intc.o
 .bss._int_line_handler_table_43
                0x0000cf2c        0x4 src/ASF/avr32/drivers/intc/intc.o
 .bss._int_line_handler_table_44
                0x0000cf30        0x4 src/ASF/avr32/drivers/intc/intc.o
 .bss._int_line_handler_table_46
                0x0000cf34        0x4 src/ASF/avr32/drivers/intc/intc.o
 *(COMMON)
 COMMON         0x0000cf38        0x4 src/ASF/avr32/drivers/spi/spi.o
                0x0000cf38                xSPIMutex
 COMMON         0x0000cf3c       0x40 src/ECU_CAN/ecu_can_messages.o
                0x0000cf3c                queue_bms_rx
                0x0000cf40                queue_from_inverter
                0x0000cf44                queue_traction_control
                0x0000cf48                queue_trq_sens0
                0x0000cf4c                queue_to_inverter
                0x0000cf50                queue_brake_rear
                0x0000cf54                queue_wheel_rr
                0x0000cf58                queue_wheel_fr
                0x0000cf5c                queue_trq_sens1_err
                0x0000cf60                queue_wheel_fl
                0x0000cf64                queue_dash_msg
                0x0000cf68                queue_bspd
                0x0000cf6c                queue_wheel_rl
                0x0000cf70                queue_trq_sens1
                0x0000cf74                queue_trq_sens0_err
                0x0000cf78                queue_brake_front
 COMMON         0x0000cf7c       0x8d src/main.o
                0x0000cf7c                ecu_data
                0x0000d008                mcp2515_spiModule
                0x0000d010                . = ALIGN (0x8)
 *fill*         0x0000d009        0x7 
                0x0000d010                . = ALIGN (0x8)
                0x0000d010                _end = .
                0x0000d010                PROVIDE (end, .)
                0x0000d010                __heap_start__ = ALIGN (0x8)
                0x0000f000                . = ((ORIGIN (CPUSRAM) + 0xfffc) - _stack_size)
                0x0000f000                __heap_end__ = .

.stab
 *(.stab)

.stabstr
 *(.stabstr)

.stab.excl
 *(.stab.excl)

.stab.exclstr
 *(.stab.exclstr)

.stab.index
 *(.stab.index)

.stab.indexstr
 *(.stab.indexstr)

.comment        0x00000000       0x30
 *(.comment)
 .comment       0x00000000       0x30 src/ASF/avr32/drivers/spi/spi.o
                                 0x31 (size before relaxing)
 .comment       0x00000000       0x31 src/ASF/avr32/drivers/wdt/wdt4.o
 .comment       0x00000000       0x31 src/ASF/common/services/spi/uc3_spi/spi_master.o
 .comment       0x00000000       0x31 src/ECU_CAN/ecu_can_messages.o
 .comment       0x00000000       0x31 src/ECU_CAN/ecu_can_mob.o
 .comment       0x00000000       0x31 src/freertos/portable/heap_1.o
 .comment       0x00000000       0x31 src/freertos/queue.o
 .comment       0x00000000       0x31 src/mcp2515/mcp2515.o
 .comment       0x00000000       0x31 src/statemachine/fsm_ecu.o
 .comment       0x00000000       0x31 src/statemachine/fsm_ecu_functions.o
 .comment       0x00000000       0x31 src/statemachine/fsm_control.o
 .comment       0x00000000       0x31 src/ASF/avr32/drivers/canif/canif.o
 .comment       0x00000000       0x31 src/ASF/avr32/drivers/scif/scif_uc3c.o
 .comment       0x00000000       0x31 src/ASF/avr32/services/network/can/can.o
 .comment       0x00000000       0x31 src/ECU_CAN/ecu_can.o
 .comment       0x00000000       0x31 src/freertos/list.o
 .comment       0x00000000       0x31 src/freertos/portable/port.o
 .comment       0x00000000       0x31 src/freertos/tasks.o
 .comment       0x00000000       0x31 src/main.o
 .comment       0x00000000       0x31 src/ASF/avr32/drivers/flashc/flashc.o
 .comment       0x00000000       0x31 src/ASF/avr32/drivers/gpio/gpio.o
 .comment       0x00000000       0x31 src/ASF/avr32/drivers/intc/intc.o
 .comment       0x00000000       0x31 src/ASF/common/services/clock/uc3c/osc.o
 .comment       0x00000000       0x31 src/ASF/common/services/clock/uc3c/pll.o
 .comment       0x00000000       0x31 src/ASF/common/services/clock/uc3c/sysclk.o
 .comment       0x00000000       0x31 src/ASF/common/boards/user_board/init.o
 .comment       0x00000000       0x31 c:/program files (x86)/atmel/atmel toolchain/avr32 gcc/native/3.4.2.1002/avr32-gnu-toolchain/bin/../lib/gcc/avr32/4.4.7/ucr3fp\libgcc.a(_udivdi3.o)
 .comment       0x00000000       0x31 c:/program files (x86)/atmel/atmel toolchain/avr32 gcc/native/3.4.2.1002/avr32-gnu-toolchain/bin/../lib/gcc/avr32/4.4.7/../../../../avr32/lib/ucr3fp\libc.a(lib_a-memset.o)

.debug
 *(.debug)

.line
 *(.line)

.debug_srcinfo
 *(.debug_srcinfo)

.debug_sfnames
 *(.debug_sfnames)

.debug_aranges  0x00000000      0xe70
 *(.debug_aranges)
 .debug_aranges
                0x00000000       0xa8 src/ASF/avr32/drivers/spi/spi.o
 .debug_aranges
                0x000000a8       0x58 src/ASF/avr32/drivers/wdt/wdt4.o
 .debug_aranges
                0x00000100       0x30 src/ASF/common/services/spi/uc3_spi/spi_master.o
 .debug_aranges
                0x00000130       0xc8 src/ECU_CAN/ecu_can_messages.o
 .debug_aranges
                0x000001f8       0x38 src/freertos/portable/heap_1.o
 .debug_aranges
                0x00000230       0x98 src/freertos/queue.o
 .debug_aranges
                0x000002c8       0xa0 src/mcp2515/mcp2515.o
 .debug_aranges
                0x00000368       0x70 src/statemachine/fsm_ecu.o
 .debug_aranges
                0x000003d8       0xc0 src/statemachine/fsm_ecu_functions.o
 .debug_aranges
                0x00000498       0x38 src/statemachine/fsm_control.o
 .debug_aranges
                0x000004d0       0x38 src/ASF/avr32/drivers/canif/canif.o
 .debug_aranges
                0x00000508      0x168 src/ASF/avr32/drivers/scif/scif_uc3c.o
 .debug_aranges
                0x00000670       0xc0 src/ASF/avr32/services/network/can/can.o
 .debug_aranges
                0x00000730       0x30 src/ECU_CAN/ecu_can.o
 .debug_aranges
                0x00000760       0x40 src/freertos/list.o
 .debug_aranges
                0x000007a0       0x20 src/freertos/portable/exception.o
 .debug_aranges
                0x000007c0       0x78 src/freertos/portable/port.o
 .debug_aranges
                0x00000838       0xf0 src/freertos/tasks.o
 .debug_aranges
                0x00000928       0x48 src/main.o
 .debug_aranges
                0x00000970      0x220 src/ASF/avr32/drivers/flashc/flashc.o
 .debug_aranges
                0x00000b90      0x120 src/ASF/avr32/drivers/gpio/gpio.o
 .debug_aranges
                0x00000cb0       0x38 src/ASF/avr32/drivers/intc/intc.o
 .debug_aranges
                0x00000ce8       0x28 src/ASF/avr32/utils/startup/startup_uc3.o
 .debug_aranges
                0x00000d10       0x20 src/ASF/avr32/utils/startup/trampoline_uc3.o
 .debug_aranges
                0x00000d30       0x58 src/ASF/common/services/clock/uc3c/osc.o
 .debug_aranges
                0x00000d88       0x30 src/ASF/common/services/clock/uc3c/pll.o
 .debug_aranges
                0x00000db8       0x58 src/ASF/common/services/clock/uc3c/sysclk.o
 .debug_aranges
                0x00000e10       0x20 src/ASF/common/boards/user_board/init.o
 .debug_aranges
                0x00000e30       0x20 c:/program files (x86)/atmel/atmel toolchain/avr32 gcc/native/3.4.2.1002/avr32-gnu-toolchain/bin/../lib/gcc/avr32/4.4.7/ucr3fp\libgcc.a(_udivdi3.o)
 .debug_aranges
                0x00000e50       0x20 c:/program files (x86)/atmel/atmel toolchain/avr32 gcc/native/3.4.2.1002/avr32-gnu-toolchain/bin/../lib/gcc/avr32/4.4.7/../../../../avr32/lib/ucr3fp\libc.a(lib_a-memset.o)

.debug_pubnames
                0x00000000     0x2f15
 *(.debug_pubnames)
 .debug_pubnames
                0x00000000      0x186 src/ASF/avr32/drivers/spi/spi.o
 .debug_pubnames
                0x00000186       0x9e src/ASF/avr32/drivers/wdt/wdt4.o
 .debug_pubnames
                0x00000224       0x57 src/ASF/common/services/spi/uc3_spi/spi_master.o
 .debug_pubnames
                0x0000027b      0x3e2 src/ECU_CAN/ecu_can_messages.o
 .debug_pubnames
                0x0000065d      0x2f6 src/ECU_CAN/ecu_can_mob.o
 .debug_pubnames
                0x00000953       0x64 src/freertos/portable/heap_1.o
 .debug_pubnames
                0x000009b7      0x160 src/freertos/queue.o
 .debug_pubnames
                0x00000b17      0x1a1 src/mcp2515/mcp2515.o
 .debug_pubnames
                0x00000cb8      0x2d4 src/statemachine/fsm_ecu.o
 .debug_pubnames
                0x00000f8c      0x337 src/statemachine/fsm_ecu_functions.o
 .debug_pubnames
                0x000012c3      0x1a9 src/statemachine/fsm_control.o
 .debug_pubnames
                0x0000146c       0x73 src/ASF/avr32/drivers/canif/canif.o
 .debug_pubnames
                0x000014df      0x3f6 src/ASF/avr32/drivers/scif/scif_uc3c.o
 .debug_pubnames
                0x000018d5      0x10d src/ASF/avr32/services/network/can/can.o
 .debug_pubnames
                0x000019e2      0x1ca src/ECU_CAN/ecu_can.o
 .debug_pubnames
                0x00001bac       0x71 src/freertos/list.o
 .debug_pubnames
                0x00001c1d       0xf6 src/freertos/portable/port.o
 .debug_pubnames
                0x00001d13      0x253 src/freertos/tasks.o
 .debug_pubnames
                0x00001f66      0x1c2 src/main.o
 .debug_pubnames
                0x00002128      0x79d src/ASF/avr32/drivers/flashc/flashc.o
 .debug_pubnames
                0x000028c5      0x3aa src/ASF/avr32/drivers/gpio/gpio.o
 .debug_pubnames
                0x00002c6f       0x62 src/ASF/avr32/drivers/intc/intc.o
 .debug_pubnames
                0x00002cd1       0xe4 src/ASF/common/services/clock/uc3c/osc.o
 .debug_pubnames
                0x00002db5       0x46 src/ASF/common/services/clock/uc3c/pll.o
 .debug_pubnames
                0x00002dfb       0xbc src/ASF/common/services/clock/uc3c/sysclk.o
 .debug_pubnames
                0x00002eb7       0x21 src/ASF/common/boards/user_board/init.o
 .debug_pubnames
                0x00002ed8       0x20 c:/program files (x86)/atmel/atmel toolchain/avr32 gcc/native/3.4.2.1002/avr32-gnu-toolchain/bin/../lib/gcc/avr32/4.4.7/ucr3fp\libgcc.a(_udivdi3.o)
 .debug_pubnames
                0x00002ef8       0x1d c:/program files (x86)/atmel/atmel toolchain/avr32 gcc/native/3.4.2.1002/avr32-gnu-toolchain/bin/../lib/gcc/avr32/4.4.7/../../../../avr32/lib/ucr3fp\libc.a(lib_a-memset.o)

.debug_info     0x00000000    0x18ab6
 *(.debug_info .gnu.linkonce.wi.*)
 .debug_info    0x00000000     0x133f src/ASF/avr32/drivers/spi/spi.o
 .debug_info    0x0000133f      0x419 src/ASF/avr32/drivers/wdt/wdt4.o
 .debug_info    0x00001758     0x13f9 src/ASF/common/services/spi/uc3_spi/spi_master.o
 .debug_info    0x00002b51      0x82c src/ECU_CAN/ecu_can_messages.o
 .debug_info    0x0000337d      0x5c1 src/ECU_CAN/ecu_can_mob.o
 .debug_info    0x0000393e      0x174 src/freertos/portable/heap_1.o
 .debug_info    0x00003ab2      0x91b src/freertos/queue.o
 .debug_info    0x000043cd     0x1ed0 src/mcp2515/mcp2515.o
 .debug_info    0x0000629d      0xbce src/statemachine/fsm_ecu.o
 .debug_info    0x00006e6b      0xf32 src/statemachine/fsm_ecu_functions.o
 .debug_info    0x00007d9d      0x94c src/statemachine/fsm_control.o
 .debug_info    0x000086e9      0xece src/ASF/avr32/drivers/canif/canif.o
 .debug_info    0x000095b7     0x1caa src/ASF/avr32/drivers/scif/scif_uc3c.o
 .debug_info    0x0000b261     0x147f src/ASF/avr32/services/network/can/can.o
 .debug_info    0x0000c6e0      0x76c src/ECU_CAN/ecu_can.o
 .debug_info    0x0000ce4c      0x2b9 src/freertos/list.o
 .debug_info    0x0000d105       0xb0 src/freertos/portable/exception.o
 .debug_info    0x0000d1b5      0xac4 src/freertos/portable/port.o
 .debug_info    0x0000dc79      0xd42 src/freertos/tasks.o
 .debug_info    0x0000e9bb     0x1687 src/main.o
 .debug_info    0x00010042     0x1cfb src/ASF/avr32/drivers/flashc/flashc.o
 .debug_info    0x00011d3d      0xf50 src/ASF/avr32/drivers/gpio/gpio.o
 .debug_info    0x00012c8d      0x836 src/ASF/avr32/drivers/intc/intc.o
 .debug_info    0x000134c3       0xb4 src/ASF/avr32/utils/startup/startup_uc3.o
 .debug_info    0x00013577       0xbb src/ASF/avr32/utils/startup/trampoline_uc3.o
 .debug_info    0x00013632     0x1488 src/ASF/common/services/clock/uc3c/osc.o
 .debug_info    0x00014aba     0x1305 src/ASF/common/services/clock/uc3c/pll.o
 .debug_info    0x00015dbf     0x2607 src/ASF/common/services/clock/uc3c/sysclk.o
 .debug_info    0x000183c6       0xa8 src/ASF/common/boards/user_board/init.o
 .debug_info    0x0001846e      0x57b c:/program files (x86)/atmel/atmel toolchain/avr32 gcc/native/3.4.2.1002/avr32-gnu-toolchain/bin/../lib/gcc/avr32/4.4.7/ucr3fp\libgcc.a(_udivdi3.o)
 .debug_info    0x000189e9       0xcd c:/program files (x86)/atmel/atmel toolchain/avr32 gcc/native/3.4.2.1002/avr32-gnu-toolchain/bin/../lib/gcc/avr32/4.4.7/../../../../avr32/lib/ucr3fp\libc.a(lib_a-memset.o)

.debug_abbrev   0x00000000     0x39ec
 *(.debug_abbrev)
 .debug_abbrev  0x00000000      0x282 src/ASF/avr32/drivers/spi/spi.o
 .debug_abbrev  0x00000282      0x1a0 src/ASF/avr32/drivers/wdt/wdt4.o
 .debug_abbrev  0x00000422      0x27c src/ASF/common/services/spi/uc3_spi/spi_master.o
 .debug_abbrev  0x0000069e      0x204 src/ECU_CAN/ecu_can_messages.o
 .debug_abbrev  0x000008a2      0x125 src/ECU_CAN/ecu_can_mob.o
 .debug_abbrev  0x000009c7       0xfe src/freertos/portable/heap_1.o
 .debug_abbrev  0x00000ac5      0x1e3 src/freertos/queue.o
 .debug_abbrev  0x00000ca8      0x314 src/mcp2515/mcp2515.o
 .debug_abbrev  0x00000fbc      0x214 src/statemachine/fsm_ecu.o
 .debug_abbrev  0x000011d0      0x309 src/statemachine/fsm_ecu_functions.o
 .debug_abbrev  0x000014d9      0x18e src/statemachine/fsm_control.o
 .debug_abbrev  0x00001667      0x1d9 src/ASF/avr32/drivers/canif/canif.o
 .debug_abbrev  0x00001840      0x30c src/ASF/avr32/drivers/scif/scif_uc3c.o
 .debug_abbrev  0x00001b4c      0x38c src/ASF/avr32/services/network/can/can.o
 .debug_abbrev  0x00001ed8      0x1b9 src/ECU_CAN/ecu_can.o
 .debug_abbrev  0x00002091       0xdb src/freertos/list.o
 .debug_abbrev  0x0000216c       0x14 src/freertos/portable/exception.o
 .debug_abbrev  0x00002180      0x2aa src/freertos/portable/port.o
 .debug_abbrev  0x0000242a      0x269 src/freertos/tasks.o
 .debug_abbrev  0x00002693      0x274 src/main.o
 .debug_abbrev  0x00002907      0x326 src/ASF/avr32/drivers/flashc/flashc.o
 .debug_abbrev  0x00002c2d      0x2f4 src/ASF/avr32/drivers/gpio/gpio.o
 .debug_abbrev  0x00002f21      0x1f2 src/ASF/avr32/drivers/intc/intc.o
 .debug_abbrev  0x00003113       0x12 src/ASF/avr32/utils/startup/startup_uc3.o
 .debug_abbrev  0x00003125       0x14 src/ASF/avr32/utils/startup/trampoline_uc3.o
 .debug_abbrev  0x00003139      0x1b9 src/ASF/common/services/clock/uc3c/osc.o
 .debug_abbrev  0x000032f2      0x1e0 src/ASF/common/services/clock/uc3c/pll.o
 .debug_abbrev  0x000034d2      0x2ef src/ASF/common/services/clock/uc3c/sysclk.o
 .debug_abbrev  0x000037c1       0x4c src/ASF/common/boards/user_board/init.o
 .debug_abbrev  0x0000380d      0x15a c:/program files (x86)/atmel/atmel toolchain/avr32 gcc/native/3.4.2.1002/avr32-gnu-toolchain/bin/../lib/gcc/avr32/4.4.7/ucr3fp\libgcc.a(_udivdi3.o)
 .debug_abbrev  0x00003967       0x85 c:/program files (x86)/atmel/atmel toolchain/avr32 gcc/native/3.4.2.1002/avr32-gnu-toolchain/bin/../lib/gcc/avr32/4.4.7/../../../../avr32/lib/ucr3fp\libc.a(lib_a-memset.o)

.debug_line     0x00000000    0x11fd4
 *(.debug_line)
 .debug_line    0x00000000      0x9e6 src/ASF/avr32/drivers/spi/spi.o
 .debug_line    0x000009e6      0x87c src/ASF/avr32/drivers/wdt/wdt4.o
 .debug_line    0x00001262      0xa58 src/ASF/common/services/spi/uc3_spi/spi_master.o
 .debug_line    0x00001cba      0xd77 src/ECU_CAN/ecu_can_messages.o
 .debug_line    0x00002a31      0xb56 src/ECU_CAN/ecu_can_mob.o
 .debug_line    0x00003587      0x87f src/freertos/portable/heap_1.o
 .debug_line    0x00003e06      0xa70 src/freertos/queue.o
 .debug_line    0x00004876      0xdc0 src/mcp2515/mcp2515.o
 .debug_line    0x00005636      0xdb8 src/statemachine/fsm_ecu.o
 .debug_line    0x000063ee      0xdf1 src/statemachine/fsm_ecu_functions.o
 .debug_line    0x000071df      0xc52 src/statemachine/fsm_control.o
 .debug_line    0x00007e31      0x7af src/ASF/avr32/drivers/canif/canif.o
 .debug_line    0x000085e0      0xad2 src/ASF/avr32/drivers/scif/scif_uc3c.o
 .debug_line    0x000090b2      0xb2e src/ASF/avr32/services/network/can/can.o
 .debug_line    0x00009be0      0xc6b src/ECU_CAN/ecu_can.o
 .debug_line    0x0000a84b      0x8aa src/freertos/list.o
 .debug_line    0x0000b0f5       0xda src/freertos/portable/exception.o
 .debug_line    0x0000b1cf      0x97d src/freertos/portable/port.o
 .debug_line    0x0000bb4c      0xbda src/freertos/tasks.o
 .debug_line    0x0000c726      0xdc4 src/main.o
 .debug_line    0x0000d4ea      0xce9 src/ASF/avr32/drivers/flashc/flashc.o
 .debug_line    0x0000e1d3      0xa2c src/ASF/avr32/drivers/gpio/gpio.o
 .debug_line    0x0000ebff      0x783 src/ASF/avr32/drivers/intc/intc.o
 .debug_line    0x0000f382       0xf2 src/ASF/avr32/utils/startup/startup_uc3.o
 .debug_line    0x0000f474       0x67 src/ASF/avr32/utils/startup/trampoline_uc3.o
 .debug_line    0x0000f4db      0x952 src/ASF/common/services/clock/uc3c/osc.o
 .debug_line    0x0000fe2d      0x886 src/ASF/common/services/clock/uc3c/pll.o
 .debug_line    0x000106b3      0x9f1 src/ASF/common/services/clock/uc3c/sysclk.o
 .debug_line    0x000110a4      0xba6 src/ASF/common/boards/user_board/init.o
 .debug_line    0x00011c4a      0x1d1 c:/program files (x86)/atmel/atmel toolchain/avr32 gcc/native/3.4.2.1002/avr32-gnu-toolchain/bin/../lib/gcc/avr32/4.4.7/ucr3fp\libgcc.a(_udivdi3.o)
 .debug_line    0x00011e1b      0x1b9 c:/program files (x86)/atmel/atmel toolchain/avr32 gcc/native/3.4.2.1002/avr32-gnu-toolchain/bin/../lib/gcc/avr32/4.4.7/../../../../avr32/lib/ucr3fp\libc.a(lib_a-memset.o)

.debug_frame    0x00000000     0x246c
 *(.debug_frame)
 .debug_frame   0x00000000      0x188 src/ASF/avr32/drivers/spi/spi.o
 .debug_frame   0x00000188       0xe4 src/ASF/avr32/drivers/wdt/wdt4.o
 .debug_frame   0x0000026c       0x64 src/ASF/common/services/spi/uc3_spi/spi_master.o
 .debug_frame   0x000002d0      0x25c src/ECU_CAN/ecu_can_messages.o
 .debug_frame   0x0000052c       0x5c src/freertos/portable/heap_1.o
 .debug_frame   0x00000588      0x1dc src/freertos/queue.o
 .debug_frame   0x00000764      0x230 src/mcp2515/mcp2515.o
 .debug_frame   0x00000994      0x140 src/statemachine/fsm_ecu.o
 .debug_frame   0x00000ad4      0x1f0 src/statemachine/fsm_ecu_functions.o
 .debug_frame   0x00000cc4       0xa0 src/statemachine/fsm_control.o
 .debug_frame   0x00000d64       0x68 src/ASF/avr32/drivers/canif/canif.o
 .debug_frame   0x00000dcc      0x308 src/ASF/avr32/drivers/scif/scif_uc3c.o
 .debug_frame   0x000010d4      0x1f4 src/ASF/avr32/services/network/can/can.o
 .debug_frame   0x000012c8       0x90 src/ECU_CAN/ecu_can.o
 .debug_frame   0x00001358       0x60 src/freertos/list.o
 .debug_frame   0x000013b8       0xfc src/freertos/portable/port.o
 .debug_frame   0x000014b4      0x300 src/freertos/tasks.o
 .debug_frame   0x000017b4      0x128 src/main.o
 .debug_frame   0x000018dc      0x6c0 src/ASF/avr32/drivers/flashc/flashc.o
 .debug_frame   0x00001f9c      0x244 src/ASF/avr32/drivers/gpio/gpio.o
 .debug_frame   0x000021e0       0x64 src/ASF/avr32/drivers/intc/intc.o
 .debug_frame   0x00002244       0x90 src/ASF/common/services/clock/uc3c/osc.o
 .debug_frame   0x000022d4       0x40 src/ASF/common/services/clock/uc3c/pll.o
 .debug_frame   0x00002314       0xcc src/ASF/common/services/clock/uc3c/sysclk.o
 .debug_frame   0x000023e0       0x28 src/ASF/common/boards/user_board/init.o
 .debug_frame   0x00002408       0x44 c:/program files (x86)/atmel/atmel toolchain/avr32 gcc/native/3.4.2.1002/avr32-gnu-toolchain/bin/../lib/gcc/avr32/4.4.7/ucr3fp\libgcc.a(_udivdi3.o)
 .debug_frame   0x0000244c       0x20 c:/program files (x86)/atmel/atmel toolchain/avr32 gcc/native/3.4.2.1002/avr32-gnu-toolchain/bin/../lib/gcc/avr32/4.4.7/../../../../avr32/lib/ucr3fp\libc.a(lib_a-memset.o)

.debug_str      0x00000000     0x6258
 *(.debug_str)
 .debug_str     0x00000000      0x610 src/ASF/avr32/drivers/spi/spi.o
                                0x696 (size before relaxing)
 .debug_str     0x00000610      0x116 src/ASF/avr32/drivers/wdt/wdt4.o
                                0x267 (size before relaxing)
 .debug_str     0x00000726      0x364 src/ASF/common/services/spi/uc3_spi/spi_master.o
                                0x786 (size before relaxing)
 .debug_str     0x00000a8a      0x49d src/ECU_CAN/ecu_can_messages.o
                                0x618 (size before relaxing)
 .debug_str     0x00000f27      0x21b src/ECU_CAN/ecu_can_mob.o
                                0x424 (size before relaxing)
 .debug_str     0x00001142       0x9d src/freertos/portable/heap_1.o
                                0x1a1 (size before relaxing)
 .debug_str     0x000011df      0x3e0 src/freertos/queue.o
                                0x526 (size before relaxing)
 .debug_str     0x000015bf      0x899 src/mcp2515/mcp2515.o
                                0xde3 (size before relaxing)
 .debug_str     0x00001e58      0x23a src/statemachine/fsm_ecu.o
                                0x91f (size before relaxing)
 .debug_str     0x00002092      0x2e3 src/statemachine/fsm_ecu_functions.o
                                0xa56 (size before relaxing)
 .debug_str     0x00002375       0x9a src/statemachine/fsm_control.o
                                0x798 (size before relaxing)
 .debug_str     0x0000240f      0x447 src/ASF/avr32/drivers/canif/canif.o
                                0x5a4 (size before relaxing)
 .debug_str     0x00002856      0xa90 src/ASF/avr32/drivers/scif/scif_uc3c.o
                                0xc6b (size before relaxing)
 .debug_str     0x000032e6      0x241 src/ASF/avr32/services/network/can/can.o
                                0x889 (size before relaxing)
 .debug_str     0x00003527       0x85 src/ECU_CAN/ecu_can.o
                                0x5a6 (size before relaxing)
 .debug_str     0x000035ac       0xaa src/freertos/list.o
                                0x245 (size before relaxing)
 .debug_str     0x00003656      0x4a8 src/freertos/portable/port.o
                                0x607 (size before relaxing)
 .debug_str     0x00003afe      0x606 src/freertos/tasks.o
                                0x845 (size before relaxing)
 .debug_str     0x00004104      0x46e src/main.o
                                0xc11 (size before relaxing)
 .debug_str     0x00004572      0xa98 src/ASF/avr32/drivers/flashc/flashc.o
                                0xcb7 (size before relaxing)
 .debug_str     0x0000500a      0x579 src/ASF/avr32/drivers/gpio/gpio.o
                                0x6fe (size before relaxing)
 .debug_str     0x00005583      0x656 src/ASF/avr32/drivers/intc/intc.o
                                0x77e (size before relaxing)
 .debug_str     0x00005bd9       0xfb src/ASF/common/services/clock/uc3c/osc.o
                                0x6a3 (size before relaxing)
 .debug_str     0x00005cd4       0x4f src/ASF/common/services/clock/uc3c/pll.o
                                0x61a (size before relaxing)
 .debug_str     0x00005d23      0x348 src/ASF/common/services/clock/uc3c/sysclk.o
                                0xcc6 (size before relaxing)
 .debug_str     0x0000606b       0x36 src/ASF/common/boards/user_board/init.o
                                0x133 (size before relaxing)
 .debug_str     0x000060a1      0x146 c:/program files (x86)/atmel/atmel toolchain/avr32 gcc/native/3.4.2.1002/avr32-gnu-toolchain/bin/../lib/gcc/avr32/4.4.7/ucr3fp\libgcc.a(_udivdi3.o)
                                0x1fb (size before relaxing)
 .debug_str     0x000061e7       0x71 c:/program files (x86)/atmel/atmel toolchain/avr32 gcc/native/3.4.2.1002/avr32-gnu-toolchain/bin/../lib/gcc/avr32/4.4.7/../../../../avr32/lib/ucr3fp\libc.a(lib_a-memset.o)
                                0x10d (size before relaxing)

.debug_loc      0x00000000     0x61f6
 *(.debug_loc)
 .debug_loc     0x00000000      0x42a src/ASF/avr32/drivers/spi/spi.o
 .debug_loc     0x0000042a      0x16a src/ASF/avr32/drivers/wdt/wdt4.o
 .debug_loc     0x00000594      0x215 src/ASF/common/services/spi/uc3_spi/spi_master.o
 .debug_loc     0x000007a9      0x3f2 src/ECU_CAN/ecu_can_messages.o
 .debug_loc     0x00000b9b       0x5b src/freertos/portable/heap_1.o
 .debug_loc     0x00000bf6      0x765 src/freertos/queue.o
 .debug_loc     0x0000135b      0x7c3 src/mcp2515/mcp2515.o
 .debug_loc     0x00001b1e      0x5a6 src/statemachine/fsm_ecu.o
 .debug_loc     0x000020c4      0x5f1 src/statemachine/fsm_ecu_functions.o
 .debug_loc     0x000026b5      0x1e2 src/statemachine/fsm_control.o
 .debug_loc     0x00002897       0xf9 src/ASF/avr32/drivers/canif/canif.o
 .debug_loc     0x00002990      0x4b4 src/ASF/avr32/drivers/scif/scif_uc3c.o
 .debug_loc     0x00002e44      0x5a0 src/ASF/avr32/services/network/can/can.o
 .debug_loc     0x000033e4      0x1df src/ECU_CAN/ecu_can.o
 .debug_loc     0x000035c3       0x31 src/freertos/list.o
 .debug_loc     0x000035f4      0x110 src/freertos/portable/port.o
 .debug_loc     0x00003704      0x8be src/freertos/tasks.o
 .debug_loc     0x00003fc2      0x233 src/main.o
 .debug_loc     0x000041f5     0x1137 src/ASF/avr32/drivers/flashc/flashc.o
 .debug_loc     0x0000532c      0x3b4 src/ASF/avr32/drivers/gpio/gpio.o
 .debug_loc     0x000056e0       0xd3 src/ASF/avr32/drivers/intc/intc.o
 .debug_loc     0x000057b3       0x1e src/ASF/common/services/clock/uc3c/osc.o
 .debug_loc     0x000057d1       0x39 src/ASF/common/services/clock/uc3c/pll.o
 .debug_loc     0x0000580a      0x270 src/ASF/common/services/clock/uc3c/sysclk.o
 .debug_loc     0x00005a7a       0x1f src/ASF/common/boards/user_board/init.o
 .debug_loc     0x00005a99      0x75d c:/program files (x86)/atmel/atmel toolchain/avr32 gcc/native/3.4.2.1002/avr32-gnu-toolchain/bin/../lib/gcc/avr32/4.4.7/ucr3fp\libgcc.a(_udivdi3.o)

.debug_macinfo  0x00000000  0x202fb57
 *(.debug_macinfo)
 .debug_macinfo
                0x00000000   0x13ba1f src/ASF/avr32/drivers/spi/spi.o
 .debug_macinfo
                0x0013ba1f   0x137b36 src/ASF/avr32/drivers/wdt/wdt4.o
 .debug_macinfo
                0x00273555   0x13d765 src/ASF/common/services/spi/uc3_spi/spi_master.o
 .debug_macinfo
                0x003b0cba   0x142caf src/ECU_CAN/ecu_can_messages.o
 .debug_macinfo
                0x004f3969   0x142378 src/ECU_CAN/ecu_can_mob.o
 .debug_macinfo
                0x00635ce1   0x13b067 src/freertos/portable/heap_1.o
 .debug_macinfo
                0x00770d48   0x13bdb3 src/freertos/queue.o
 .debug_macinfo
                0x008acafb   0x142eeb src/mcp2515/mcp2515.o
 .debug_macinfo
                0x009ef9e6   0x143030 src/statemachine/fsm_ecu.o
 .debug_macinfo
                0x00b32a16   0x142fae src/statemachine/fsm_ecu_functions.o
 .debug_macinfo
                0x00c759c4   0x142f40 src/statemachine/fsm_control.o
 .debug_macinfo
                0x00db8904   0x139d9e src/ASF/avr32/drivers/canif/canif.o
 .debug_macinfo
                0x00ef26a2   0x136a4d src/ASF/avr32/drivers/scif/scif_uc3c.o
 .debug_macinfo
                0x010290ef   0x13caa3 src/ASF/avr32/services/network/can/can.o
 .debug_macinfo
                0x01165b92   0x142cab src/ECU_CAN/ecu_can.o
 .debug_macinfo
                0x012a883d   0x13ac7e src/freertos/list.o
 .debug_macinfo
                0x013e34bb   0x13b3c9 src/freertos/portable/port.o
 .debug_macinfo
                0x0151e884   0x13c813 src/freertos/tasks.o
 .debug_macinfo
                0x0165b097   0x143f7c src/main.o
 .debug_macinfo
                0x0179f013   0x136b86 src/ASF/avr32/drivers/flashc/flashc.o
 .debug_macinfo
                0x018d5b99   0x136b34 src/ASF/avr32/drivers/gpio/gpio.o
 .debug_macinfo
                0x01a0c6cd   0x136be1 src/ASF/avr32/drivers/intc/intc.o
 .debug_macinfo
                0x01b432ae   0x1380fe src/ASF/common/services/clock/uc3c/osc.o
 .debug_macinfo
                0x01c7b3ac   0x1384b0 src/ASF/common/services/clock/uc3c/pll.o
 .debug_macinfo
                0x01db385c   0x139546 src/ASF/common/services/clock/uc3c/sysclk.o
 .debug_macinfo
                0x01eecda2   0x142db5 src/ASF/common/boards/user_board/init.o

.debug_weaknames
 *(.debug_weaknames)

.debug_funcnames
 *(.debug_funcnames)

.debug_typenames
 *(.debug_typenames)

.debug_varnames
 *(.debug_varnames)

.stack          0x0000f000     0x1000
                0x0000f000                _stack = .
 *(.stack)
                0x00001000                . = _stack_size
 *fill*         0x0000f000     0x1000 
                0x00010000                _estack = .

.userpage
 *(.userpage .userpage.*)

.factorypage
 *(.factorypage .factorypage.*)

.flashvault_flash_size
 *(.flashvault_flash_size .flashvault_flash_size.*)

.flashvault_ram_size
 *(.flashvault_ram_size .flashvault_ram_size.*)

/DISCARD/
 *(.note.GNU-stack)
OUTPUT(ecu_user_board.elf elf32-avr32)

.debug_ranges   0x00000000      0xeb8
 .debug_ranges  0x00000000       0xa0 src/ASF/avr32/drivers/spi/spi.o
 .debug_ranges  0x000000a0       0x50 src/ASF/avr32/drivers/wdt/wdt4.o
 .debug_ranges  0x000000f0       0x58 src/ASF/common/services/spi/uc3_spi/spi_master.o
 .debug_ranges  0x00000148       0xc0 src/ECU_CAN/ecu_can_messages.o
 .debug_ranges  0x00000208       0x30 src/freertos/portable/heap_1.o
 .debug_ranges  0x00000238       0x90 src/freertos/queue.o
 .debug_ranges  0x000002c8       0x98 src/mcp2515/mcp2515.o
 .debug_ranges  0x00000360       0x68 src/statemachine/fsm_ecu.o
 .debug_ranges  0x000003c8       0xb8 src/statemachine/fsm_ecu_functions.o
 .debug_ranges  0x00000480       0x30 src/statemachine/fsm_control.o
 .debug_ranges  0x000004b0       0x30 src/ASF/avr32/drivers/canif/canif.o
 .debug_ranges  0x000004e0      0x160 src/ASF/avr32/drivers/scif/scif_uc3c.o
 .debug_ranges  0x00000640       0xd0 src/ASF/avr32/services/network/can/can.o
 .debug_ranges  0x00000710       0x28 src/ECU_CAN/ecu_can.o
 .debug_ranges  0x00000738       0x38 src/freertos/list.o
 .debug_ranges  0x00000770       0x70 src/freertos/portable/port.o
 .debug_ranges  0x000007e0      0x160 src/freertos/tasks.o
 .debug_ranges  0x00000940       0x70 src/main.o
 .debug_ranges  0x000009b0      0x218 src/ASF/avr32/drivers/flashc/flashc.o
 .debug_ranges  0x00000bc8      0x118 src/ASF/avr32/drivers/gpio/gpio.o
 .debug_ranges  0x00000ce0       0x48 src/ASF/avr32/drivers/intc/intc.o
 .debug_ranges  0x00000d28       0x20 src/ASF/avr32/utils/startup/startup_uc3.o
 .debug_ranges  0x00000d48       0x50 src/ASF/common/services/clock/uc3c/osc.o
 .debug_ranges  0x00000d98       0x28 src/ASF/common/services/clock/uc3c/pll.o
 .debug_ranges  0x00000dc0       0x50 src/ASF/common/services/clock/uc3c/sysclk.o
 .debug_ranges  0x00000e10       0x18 src/ASF/common/boards/user_board/init.o
 .debug_ranges  0x00000e28       0x78 c:/program files (x86)/atmel/atmel toolchain/avr32 gcc/native/3.4.2.1002/avr32-gnu-toolchain/bin/../lib/gcc/avr32/4.4.7/ucr3fp\libgcc.a(_udivdi3.o)
 .debug_ranges  0x00000ea0       0x18 c:/program files (x86)/atmel/atmel toolchain/avr32 gcc/native/3.4.2.1002/avr32-gnu-toolchain/bin/../lib/gcc/avr32/4.4.7/../../../../avr32/lib/ucr3fp\libc.a(lib_a-memset.o)
